Archive member included to satisfy reference by file (symbol)

C:/ST/STM32CubeIDE_1.19.0/STM32CubeIDE/plugins/com.st.stm32cube.ide.mcu.externaltools.gnu-tools-for-stm32.13.3.rel1.win32_1.0.0.202411081344/tools/bin/../lib/gcc/arm-none-eabi/13.3.1/../../../../arm-none-eabi/lib/thumb/v6-m/nofp\libc_nano.a(libc_a-exit.o)
                              C:/ST/STM32CubeIDE_1.19.0/STM32CubeIDE/plugins/com.st.stm32cube.ide.mcu.externaltools.gnu-tools-for-stm32.13.3.rel1.win32_1.0.0.202411081344/tools/bin/../lib/gcc/arm-none-eabi/13.3.1/../../../../arm-none-eabi/lib/thumb/v6-m/nofp/crt0.o (exit)
C:/ST/STM32CubeIDE_1.19.0/STM32CubeIDE/plugins/com.st.stm32cube.ide.mcu.externaltools.gnu-tools-for-stm32.13.3.rel1.win32_1.0.0.202411081344/tools/bin/../lib/gcc/arm-none-eabi/13.3.1/../../../../arm-none-eabi/lib/thumb/v6-m/nofp\libc_nano.a(libc_a-findfp.o)
                              C:/ST/STM32CubeIDE_1.19.0/STM32CubeIDE/plugins/com.st.stm32cube.ide.mcu.externaltools.gnu-tools-for-stm32.13.3.rel1.win32_1.0.0.202411081344/tools/bin/../lib/gcc/arm-none-eabi/13.3.1/../../../../arm-none-eabi/lib/thumb/v6-m/nofp\libc_nano.a(libc_a-exit.o) (__stdio_exit_handler)
C:/ST/STM32CubeIDE_1.19.0/STM32CubeIDE/plugins/com.st.stm32cube.ide.mcu.externaltools.gnu-tools-for-stm32.13.3.rel1.win32_1.0.0.202411081344/tools/bin/../lib/gcc/arm-none-eabi/13.3.1/../../../../arm-none-eabi/lib/thumb/v6-m/nofp\libc_nano.a(libc_a-fwalk.o)
                              C:/ST/STM32CubeIDE_1.19.0/STM32CubeIDE/plugins/com.st.stm32cube.ide.mcu.externaltools.gnu-tools-for-stm32.13.3.rel1.win32_1.0.0.202411081344/tools/bin/../lib/gcc/arm-none-eabi/13.3.1/../../../../arm-none-eabi/lib/thumb/v6-m/nofp\libc_nano.a(libc_a-findfp.o) (_fwalk_sglue)
C:/ST/STM32CubeIDE_1.19.0/STM32CubeIDE/plugins/com.st.stm32cube.ide.mcu.externaltools.gnu-tools-for-stm32.13.3.rel1.win32_1.0.0.202411081344/tools/bin/../lib/gcc/arm-none-eabi/13.3.1/../../../../arm-none-eabi/lib/thumb/v6-m/nofp\libc_nano.a(libc_a-sprintf.o)
                              ./Core/Src/PollingRoutine.o (sprintf)
C:/ST/STM32CubeIDE_1.19.0/STM32CubeIDE/plugins/com.st.stm32cube.ide.mcu.externaltools.gnu-tools-for-stm32.13.3.rel1.win32_1.0.0.202411081344/tools/bin/../lib/gcc/arm-none-eabi/13.3.1/../../../../arm-none-eabi/lib/thumb/v6-m/nofp\libc_nano.a(libc_a-stdio.o)
                              C:/ST/STM32CubeIDE_1.19.0/STM32CubeIDE/plugins/com.st.stm32cube.ide.mcu.externaltools.gnu-tools-for-stm32.13.3.rel1.win32_1.0.0.202411081344/tools/bin/../lib/gcc/arm-none-eabi/13.3.1/../../../../arm-none-eabi/lib/thumb/v6-m/nofp\libc_nano.a(libc_a-findfp.o) (__sread)
C:/ST/STM32CubeIDE_1.19.0/STM32CubeIDE/plugins/com.st.stm32cube.ide.mcu.externaltools.gnu-tools-for-stm32.13.3.rel1.win32_1.0.0.202411081344/tools/bin/../lib/gcc/arm-none-eabi/13.3.1/../../../../arm-none-eabi/lib/thumb/v6-m/nofp\libc_nano.a(libc_a-memset.o)
                              C:/ST/STM32CubeIDE_1.19.0/STM32CubeIDE/plugins/com.st.stm32cube.ide.mcu.externaltools.gnu-tools-for-stm32.13.3.rel1.win32_1.0.0.202411081344/tools/bin/../lib/gcc/arm-none-eabi/13.3.1/../../../../arm-none-eabi/lib/thumb/v6-m/nofp/crt0.o (memset)
C:/ST/STM32CubeIDE_1.19.0/STM32CubeIDE/plugins/com.st.stm32cube.ide.mcu.externaltools.gnu-tools-for-stm32.13.3.rel1.win32_1.0.0.202411081344/tools/bin/../lib/gcc/arm-none-eabi/13.3.1/../../../../arm-none-eabi/lib/thumb/v6-m/nofp\libc_nano.a(libc_a-closer.o)
                              C:/ST/STM32CubeIDE_1.19.0/STM32CubeIDE/plugins/com.st.stm32cube.ide.mcu.externaltools.gnu-tools-for-stm32.13.3.rel1.win32_1.0.0.202411081344/tools/bin/../lib/gcc/arm-none-eabi/13.3.1/../../../../arm-none-eabi/lib/thumb/v6-m/nofp\libc_nano.a(libc_a-stdio.o) (_close_r)
C:/ST/STM32CubeIDE_1.19.0/STM32CubeIDE/plugins/com.st.stm32cube.ide.mcu.externaltools.gnu-tools-for-stm32.13.3.rel1.win32_1.0.0.202411081344/tools/bin/../lib/gcc/arm-none-eabi/13.3.1/../../../../arm-none-eabi/lib/thumb/v6-m/nofp\libc_nano.a(libc_a-reent.o)
                              C:/ST/STM32CubeIDE_1.19.0/STM32CubeIDE/plugins/com.st.stm32cube.ide.mcu.externaltools.gnu-tools-for-stm32.13.3.rel1.win32_1.0.0.202411081344/tools/bin/../lib/gcc/arm-none-eabi/13.3.1/../../../../arm-none-eabi/lib/thumb/v6-m/nofp\libc_nano.a(libc_a-closer.o) (errno)
C:/ST/STM32CubeIDE_1.19.0/STM32CubeIDE/plugins/com.st.stm32cube.ide.mcu.externaltools.gnu-tools-for-stm32.13.3.rel1.win32_1.0.0.202411081344/tools/bin/../lib/gcc/arm-none-eabi/13.3.1/../../../../arm-none-eabi/lib/thumb/v6-m/nofp\libc_nano.a(libc_a-impure.o)
                              C:/ST/STM32CubeIDE_1.19.0/STM32CubeIDE/plugins/com.st.stm32cube.ide.mcu.externaltools.gnu-tools-for-stm32.13.3.rel1.win32_1.0.0.202411081344/tools/bin/../lib/gcc/arm-none-eabi/13.3.1/../../../../arm-none-eabi/lib/thumb/v6-m/nofp\libc_nano.a(libc_a-sprintf.o) (_impure_ptr)
[...]
Memory Configuration

Name             Origin             Length             Attributes
RAM              0x20000000         0x00004000         xrw
FLASH            0x08000000         0x00010000         xr
*default*        0x00000000         0xffffffff

Linker script and memory map

LOAD C:/ST/STM32CubeIDE_1.19.0/STM32CubeIDE/plugins/com.st.stm32cube.ide.mcu.externaltools.gnu-tools-for-stm32.13.3.rel1.win32_1.0.0.202411081344/tools/bin/../lib/gcc/arm-none-eabi/13.3.1/thumb/v6-m/nofp/crti.o
LOAD C:/ST/STM32CubeIDE_1.19.0/STM32CubeIDE/plugins/com.st.stm32cube.ide.mcu.externaltools.gnu-tools-for-stm32.13.3.rel1.win32_1.0.0.202411081344/tools/bin/../lib/gcc/arm-none-eabi/13.3.1/thumb/v6-m/nofp/crtbegin.o
LOAD C:/ST/STM32CubeIDE_1.19.0/STM32CubeIDE/plugins/com.st.stm32cube.ide.mcu.externaltools.gnu-tools-for-stm32.13.3.rel1.win32_1.0.0.202411081344/tools/bin/../lib/gcc/arm-none-eabi/13.3.1/../../../../arm-none-eabi/lib/thumb/v6-m/nofp/crt0.o
LOAD ./Core/Src/CAN_Buffer.o
LOAD ./Core/Src/CAN_Filter.o
LOAD ./Core/Src/CAN_Mode.o
LOAD ./Core/Src/GPIO_Handler.o
LOAD ./Core/Src/IRQ_Handler.o
LOAD ./Core/Src/PollingRoutine.o
LOAD ./Core/Src/RingBuffer.o
LOAD ./Core/Src/TimerCallback.o
LOAD ./Core/Src/USB_Buffer.o
LOAD ./Core/Src/UsbAndCanConvert.o
LOAD ./Core/Src/main.o
LOAD ./Core/Src/stm32f0xx_hal_msp.o
LOAD ./Core/Src/stm32f0xx_it.o
LOAD ./Core/Src/syscalls.o
LOAD ./Core/Src/sysmem.o
LOAD ./Core/Src/system_stm32f0xx.o
LOAD ./Core/Startup/startup_stm32f072c8tx.o
LOAD ./Drivers/STM32F0xx_HAL_Driver/Src/stm32f0xx_hal.o
LOAD ./Drivers/STM32F0xx_HAL_Driver/Src/stm32f0xx_hal_can.o
LOAD ./Drivers/STM32F0xx_HAL_Driver/Src/stm32f0xx_hal_cortex.o
LOAD ./Drivers/STM32F0xx_HAL_Driver/Src/stm32f0xx_hal_dma.o
LOAD ./Drivers/STM32F0xx_HAL_Driver/Src/stm32f0xx_hal_exti.o
LOAD ./Drivers/STM32F0xx_HAL_Driver/Src/stm32f0xx_hal_flash.o
LOAD ./Drivers/STM32F0xx_HAL_Driver/Src/stm32f0xx_hal_flash_ex.o
LOAD ./Drivers/STM32F0xx_HAL_Driver/Src/stm32f0xx_hal_gpio.o
LOAD ./Drivers/STM32F0xx_HAL_Driver/Src/stm32f0xx_hal_i2c.o
LOAD ./Drivers/STM32F0xx_HAL_Driver/Src/stm32f0xx_hal_i2c_ex.o
LOAD ./Drivers/STM32F0xx_HAL_Driver/Src/stm32f0xx_hal_pcd.o
LOAD ./Drivers/STM32F0xx_HAL_Driver/Src/stm32f0xx_hal_pcd_ex.o
LOAD ./Drivers/STM32F0xx_HAL_Driver/Src/stm32f0xx_hal_pwr.o
LOAD ./Drivers/STM32F0xx_HAL_Driver/Src/stm32f0xx_hal_pwr_ex.o
LOAD ./Drivers/STM32F0xx_HAL_Driver/Src/stm32f0xx_hal_rcc.o
LOAD ./Drivers/STM32F0xx_HAL_Driver/Src/stm32f0xx_hal_rcc_ex.o
LOAD ./Drivers/STM32F0xx_HAL_Driver/Src/stm32f0xx_ll_usb.o
LOAD ./Middlewares/ST/STM32_USB_Device_Library/Class/CDC/Src/usbd_cdc.o
LOAD ./Middlewares/ST/STM32_USB_Device_Library/Core/Src/usbd_core.o
LOAD ./Middlewares/ST/STM32_USB_Device_Library/Core/Src/usbd_ctlreq.o
LOAD ./Middlewares/ST/STM32_USB_Device_Library/Core/Src/usbd_ioreq.o
LOAD ./USB_DEVICE/App/usb_device.o
LOAD ./USB_DEVICE/App/usbd_cdc_if.o
LOAD ./USB_DEVICE/App/usbd_desc.o
LOAD ./USB_DEVICE/Target/usbd_conf.o
START GROUP
LOAD C:/ST/STM32CubeIDE_1.19.0/STM32CubeIDE/plugins/com.st.stm32cube.ide.mcu.externaltools.gnu-tools-for-stm32.13.3.rel1.win32_1.0.0.202411081344/tools/bin/../lib/gcc/arm-none-eabi/13.3.1/../../../../arm-none-eabi/lib/thumb/v6-m/nofp\libc_nano.a
LOAD C:/ST/STM32CubeIDE_1.19.0/STM32CubeIDE/plugins/com.st.stm32cube.ide.mcu.externaltools.gnu-tools-for-stm32.13.3.rel1.win32_1.0.0.202411081344/tools/bin/../lib/gcc/arm-none-eabi/13.3.1/../../../../arm-none-eabi/lib/thumb/v6-m/nofp\libm.a
END GROUP
START GROUP
LOAD C:/ST/STM32CubeIDE_1.19.0/STM32CubeIDE/plugins/com.st.stm32cube.ide.mcu.externaltools.gnu-tools-for-stm32.13.3.rel1.win32_1.0.0.202411081344/tools/bin/../lib/gcc/arm-none-eabi/13.3.1/thumb/v6-m/nofp\libgcc.a
LOAD C:/ST/STM32CubeIDE_1.19.0/STM32CubeIDE/plugins/com.st.stm32cube.ide.mcu.externaltools.gnu-tools-for-stm32.13.3.rel1.win32_1.0.0.202411081344/tools/bin/../lib/gcc/arm-none-eabi/13.3.1/../../../../arm-none-eabi/lib/thumb/v6-m/nofp\libc_nano.a
END GROUP
START GROUP
LOAD C:/ST/STM32CubeIDE_1.19.0/STM32CubeIDE/plugins/com.st.stm32cube.ide.mcu.externaltools.gnu-tools-for-stm32.13.3.rel1.win32_1.0.0.202411081344/tools/bin/../lib/gcc/arm-none-eabi/13.3.1/thumb/v6-m/nofp\libgcc.a
LOAD C:/ST/STM32CubeIDE_1.19.0/STM32CubeIDE/plugins/com.st.stm32cube.ide.mcu.externaltools.gnu-tools-for-stm32.13.3.rel1.win32_1.0.0.202411081344/tools/bin/../lib/gcc/arm-none-eabi/13.3.1/../../../../arm-none-eabi/lib/thumb/v6-m/nofp\libc_nano.a
LOAD C:/ST/STM32CubeIDE_1.19.0/STM32CubeIDE/plugins/com.st.stm32cube.ide.mcu.externaltools.gnu-tools-for-stm32.13.3.rel1.win32_1.0.0.202411081344/tools/bin/../lib/gcc/arm-none-eabi/13.3.1/../../../../arm-none-eabi/lib/thumb/v6-m/nofp\libnosys.a
END GROUP
START GROUP
LOAD C:/ST/STM32CubeIDE_1.19.0/STM32CubeIDE/plugins/com.st.stm32cube.ide.mcu.externaltools.gnu-tools-for-stm32.13.3.rel1.win32_1.0.0.202411081344/tools/bin/../lib/gcc/arm-none-eabi/13.3.1/thumb/v6-m/nofp\libgcc.a
LOAD C:/ST/STM32CubeIDE_1.19.0/STM32CubeIDE/plugins/com.st.stm32cube.ide.mcu.externaltools.gnu-tools-for-stm32.13.3.rel1.win32_1.0.0.202411081344/tools/bin/../lib/gcc/arm-none-eabi/13.3.1/../../../../arm-none-eabi/lib/thumb/v6-m/nofp\libc_nano.a
LOAD C:/ST/STM32CubeIDE_1.19.0/STM32CubeIDE/plugins/com.st.stm32cube.ide.mcu.externaltools.gnu-tools-for-stm32.13.3.rel1.win32_1.0.0.202411081344/tools/bin/../lib/gcc/arm-none-eabi/13.3.1/../../../../arm-none-eabi/lib/thumb/v6-m/nofp\libnosys.a
END GROUP
LOAD C:/ST/STM32CubeIDE_1.19.0/STM32CubeIDE/plugins/com.st.stm32cube.ide.mcu.externaltools.gnu-tools-for-stm32.13.3.rel1.win32_1.0.0.202411081344/tools/bin/../lib/gcc/arm-none-eabi/13.3.1/thumb/v6-m/nofp/crtend.o
LOAD C:/ST/STM32CubeIDE_1.19.0/STM32CubeIDE/plugins/com.st.stm32cube.ide.mcu.externaltools.gnu-tools-for-stm32.13.3.rel1.win32_1.0.0.202411081344/tools/bin/../lib/gcc/arm-none-eabi/13.3.1/thumb/v6-m/nofp/crtn.o
                0x20004000                        _estack = (ORIGIN (RAM) + LENGTH (RAM))
                0x00000200                        _Min_Heap_Size = 0x200
                0x00000400                        _Min_Stack_Size = 0x400

.isr_vector     0x08000000       0xc0
                0x08000000                        . = ALIGN (0x4)
 *(.isr_vector)
 .isr_vector    0x08000000       0xc0 ./Core/Startup/startup_stm32f072c8tx.o
                0x08000000                g_pfnVectors
                0x080000c0                        . = ALIGN (0x4)

.text           0x080000c0     0xa57c
                0x080000c0                        . = ALIGN (0x4)
 *(.text)
 .text          0x080000c0       0x48 C:/ST/STM32CubeIDE_1.19.0/STM32CubeIDE/plugins/com.st.stm32cube.ide.mcu.externaltools.gnu-tools-for-stm32.13.3.rel1.win32_1.0.0.202411081344/tools/bin/../lib/gcc/arm-none-eabi/13.3.1/thumb/v6-m/nofp/crtbegin.o
 .text          0x08000108        0xe C:/ST/STM32CubeIDE_1.19.0/STM32CubeIDE/plugins/com.st.stm32cube.ide.mcu.externaltools.gnu-tools-for-stm32.13.3.rel1.win32_1.0.0.202411081344/tools/bin/../lib/gcc/arm-none-eabi/13.3.1/../../../../arm-none-eabi/lib/thumb/v6-m/nofp\libc_nano.a(libc_a-strlen.o)
                0x08000108                strlen
 *fill*         0x08000116        0x2 
 .text          0x08000118       0x14 C:/ST/STM32CubeIDE_1.19.0/STM32CubeIDE/plugins/com.st.stm32cube.ide.mcu.externaltools.gnu-tools-for-stm32.13.3.rel1.win32_1.0.0.202411081344/tools/bin/../lib/gcc/arm-none-eabi/13.3.1/thumb/v6-m/nofp\libgcc.a(_thumb1_case_shi.o)
                0x08000118                __gnu_thumb1_case_shi
 .text          0x0800012c      0x114 C:/ST/STM32CubeIDE_1.19.0/STM32CubeIDE/plugins/com.st.stm32cube.ide.mcu.externaltools.gnu-tools-for-stm32.13.3.rel1.win32_1.0.0.202411081344/tools/bin/../lib/gcc/arm-none-eabi/13.3.1/thumb/v6-m/nofp\libgcc.a(_udivsi3.o)
                0x0800012c                __aeabi_uidiv
                0x0800012c                __udivsi3
                0x08000238                __aeabi_uidivmod
 .text          0x08000240        0x4 C:/ST/STM32CubeIDE_1.19.0/STM32CubeIDE/plugins/com.st.stm32cube.ide.mcu.externaltools.gnu-tools-for-stm32.13.3.rel1.win32_1.0.0.202411081344/tools/bin/../lib/gcc/arm-none-eabi/13.3.1/thumb/v6-m/nofp\libgcc.a(_dvmd_tls.o)
                0x08000240                __aeabi_idiv0
                0x08000240                __aeabi_ldiv0
 *(.text*)
 .text.CAN_SendMessage
                0x08000244       0x64 ./Core/Src/CAN_Buffer.o
                0x08000244                CAN_SendMessage
 .text.CAN_DataAvailable
                0x080002a8       0x46 ./Core/Src/CAN_Buffer.o
                0x080002a8                CAN_DataAvailable
 *fill*         0x080002ee        0x2 
 .text.CAN_SetFilter
                0x080002f0       0x94 ./Core/Src/CAN_Filter.o
                0x080002f0                CAN_SetFilter
 .text.CAN_Mode_Set
                0x08000384       0xf0 ./Core/Src/CAN_Mode.o
                0x08000384                CAN_Mode_Set
 .text.LED_Green_Toggle
                0x08000474       0x22 ./Core/Src/GPIO_Handler.o
                0x08000474                LED_Green_Toggle
 .text.LED_Blue_Toggle
                0x08000496       0x22 ./Core/Src/GPIO_Handler.o
                0x08000496                LED_Blue_Toggle
 .text.LED_Green
                0x080004b8       0x56 ./Core/Src/GPIO_Handler.o
                0x080004b8                LED_Green
 .text.LED_Blue
                0x0800050e       0x56 ./Core/Src/GPIO_Handler.o
                0x0800050e                LED_Blue
 .text.LED_Green_Off
                0x08000564       0x18 ./Core/Src/GPIO_Handler.o
                0x08000564                LED_Green_Off
 .text.LED_Blue_Off
                0x0800057c       0x18 ./Core/Src/GPIO_Handler.o
                0x0800057c                LED_Blue_Off
 .text.HAL_CAN_RxFifo0MsgPendingCallback
                0x08000594       0x78 ./Core/Src/IRQ_Handler.o
                0x08000594                HAL_CAN_RxFifo0MsgPendingCallback
 .text.HAL_CAN_TxMailbox0CompleteCallback
                0x0800060c       0x3c ./Core/Src/IRQ_Handler.o
                0x0800060c                HAL_CAN_TxMailbox0CompleteCallback
 .text.PollingInit
                0x08000648       0x74 ./Core/Src/PollingRoutine.o
                0x08000648                PollingInit
 .text.PollingRoutine
                0x080006bc       0x38 ./Core/Src/PollingRoutine.o
                0x080006bc                PollingRoutine
 .text.USB_Parse
                0x080006f4      0x170 ./Core/Src/PollingRoutine.o
                0x080006f4                USB_Parse
 .text.CAN_Parse
                0x08000864       0x26 ./Core/Src/PollingRoutine.o
                0x08000864                CAN_Parse
 *fill*         0x0800088a        0x2 
 .text.CAN_BTR_Get
                0x0800088c       0xa4 ./Core/Src/PollingRoutine.o
                0x0800088c                CAN_BTR_Get
 .text.APB1_Frequency_Get
                0x08000930       0x40 ./Core/Src/PollingRoutine.o
                0x08000930                APB1_Frequency_Get
 .text.CAN_BTR_Set
                0x08000970       0x8e ./Core/Src/PollingRoutine.o
                0x08000970                CAN_BTR_Set
 *fill*         0x080009fe        0x2 
 .text.SendStringInfo
                0x08000a00       0x84 ./Core/Src/PollingRoutine.o
                0x08000a00                SendStringInfo
 .text.RingBuff_Ptr_Input
                0x08000a84       0x86 ./Core/Src/RingBuffer.o
                0x08000a84                RingBuff_Ptr_Input
 .text.RingBuff_Ptr_Output
                0x08000b0a       0x48 ./Core/Src/RingBuffer.o
                0x08000b0a                RingBuff_Ptr_Output
 .text.TimerCallbackRegisterOnly
                0x08000b52       0x9e ./Core/Src/TimerCallback.o
                0x08000b52                TimerCallbackRegisterOnly
 .text.TimerCallbackRegister2nd
                0x08000bf0       0x5e ./Core/Src/TimerCallback.o
                0x08000bf0                TimerCallbackRegister2nd
 .text.TimerCallbackRepetitionStart
                0x08000c4e       0xba ./Core/Src/TimerCallback.o
                0x08000c4e                TimerCallbackRepetitionStart
 .text.TimerCallbackTick
                0x08000d08       0xce ./Core/Src/TimerCallback.o
                0x08000d08                TimerCallbackTick
 .text.TimerCallbackPoll
                0x08000dd6      0x206 ./Core/Src/TimerCallback.o
                0x08000dd6                TimerCallbackPoll
 .text.USB_SendMessage
                0x08000fdc       0x6c ./Core/Src/USB_Buffer.o
                0x08000fdc                USB_SendMessage
 .text.USB_AddTxBuffer
                0x08001048       0x86 ./Core/Src/USB_Buffer.o
                0x08001048                USB_AddTxBuffer
 .text.USB_AddRxBuffer
                0x080010ce       0x84 ./Core/Src/USB_Buffer.o
                0x080010ce                USB_AddRxBuffer
 .text.USB_DataAvailable
                0x08001152       0x40 ./Core/Src/USB_Buffer.o
                0x08001152                USB_DataAvailable
 *fill*         0x08001192        0x2 
 .text.USB_to_CAN_Send
                0x08001194       0xb8 ./Core/Src/UsbAndCanConvert.o
                0x08001194                USB_to_CAN_Send
 .text.CAN_to_USB_Send
                0x0800124c      0x148 ./Core/Src/UsbAndCanConvert.o
                0x0800124c                CAN_to_USB_Send
 .text.main     0x08001394       0x22 ./Core/Src/main.o
                0x08001394                main
 .text.SystemClock_Config
                0x080013b6       0xcc ./Core/Src/main.o
                0x080013b6                SystemClock_Config
 *fill*         0x08001482        0x2 
 .text.MX_CAN_Init
                0x08001484       0x70 ./Core/Src/main.o
 .text.MX_GPIO_Init
                0x080014f4       0xc4 ./Core/Src/main.o
 .text.Error_Handler
                0x080015b8        0xc ./Core/Src/main.o
                0x080015b8                Error_Handler
 .text.HAL_MspInit
                0x080015c4       0x48 ./Core/Src/stm32f0xx_hal_msp.o
                0x080015c4                HAL_MspInit
 .text.HAL_CAN_MspInit
                0x0800160c       0xac ./Core/Src/stm32f0xx_hal_msp.o
                0x0800160c                HAL_CAN_MspInit
 .text.HAL_CAN_MspDeInit
                0x080016b8       0x4c ./Core/Src/stm32f0xx_hal_msp.o
                0x080016b8                HAL_CAN_MspDeInit
 .text.NMI_Handler
                0x08001704        0x8 ./Core/Src/stm32f0xx_it.o
                0x08001704                NMI_Handler
 .text.HardFault_Handler
                0x0800170c        0x8 ./Core/Src/stm32f0xx_it.o
                0x0800170c                HardFault_Handler
 .text.SVC_Handler
                0x08001714        0xa ./Core/Src/stm32f0xx_it.o
                0x08001714                SVC_Handler
 .text.PendSV_Handler
                0x0800171e        0xa ./Core/Src/stm32f0xx_it.o
                0x0800171e                PendSV_Handler
 .text.SysTick_Handler
                0x08001728       0x1c ./Core/Src/stm32f0xx_it.o
                0x08001728                SysTick_Handler
 .text.CEC_CAN_IRQHandler
                0x08001744       0x18 ./Core/Src/stm32f0xx_it.o
                0x08001744                CEC_CAN_IRQHandler
 .text.USB_IRQHandler
                0x0800175c       0x18 ./Core/Src/stm32f0xx_it.o
                0x0800175c                USB_IRQHandler
 .text._sbrk    0x08001774       0x6c ./Core/Src/sysmem.o
                0x08001774                _sbrk
 .text.SystemInit
                0x080017e0        0xa ./Core/Src/system_stm32f0xx.o
                0x080017e0                SystemInit
 *fill*         0x080017ea        0x2 
 .text.Reset_Handler
                0x080017ec       0x50 ./Core/Startup/startup_stm32f072c8tx.o
                0x080017ec                Reset_Handler
 .text.Default_Handler
                0x0800183c        0x2 ./Core/Startup/startup_stm32f072c8tx.o
                0x0800183c                TIM1_CC_IRQHandler
                0x0800183c                TSC_IRQHandler
                0x0800183c                ADC1_COMP_IRQHandler
                0x0800183c                I2C1_IRQHandler
                0x0800183c                RCC_CRS_IRQHandler
                0x0800183c                SPI1_IRQHandler
                0x0800183c                TIM6_DAC_IRQHandler
                0x0800183c                USART3_4_IRQHandler
                0x0800183c                EXTI2_3_IRQHandler
                0x0800183c                I2C2_IRQHandler
                0x0800183c                TIM17_IRQHandler
                0x0800183c                RTC_IRQHandler
                0x0800183c                PVD_VDDIO2_IRQHandler
                0x0800183c                DMA1_Channel4_5_6_7_IRQHandler
                0x0800183c                TIM16_IRQHandler
                0x0800183c                TIM3_IRQHandler
                0x0800183c                EXTI4_15_IRQHandler
                0x0800183c                DMA1_Channel1_IRQHandler
                0x0800183c                Default_Handler
                0x0800183c                TIM14_IRQHandler
                0x0800183c                TIM7_IRQHandler
                0x0800183c                TIM15_IRQHandler
                0x0800183c                EXTI0_1_IRQHandler
                0x0800183c                SPI2_IRQHandler
                0x0800183c                WWDG_IRQHandler
                0x0800183c                TIM2_IRQHandler
                0x0800183c                DMA1_Channel2_3_IRQHandler
                0x0800183c                USART2_IRQHandler
                0x0800183c                FLASH_IRQHandler
                0x0800183c                USART1_IRQHandler
                0x0800183c                TIM1_BRK_UP_TRG_COM_IRQHandler
 *fill*         0x0800183e        0x2 
 .text.HAL_Init
                0x08001840       0x28 ./Drivers/STM32F0xx_HAL_Driver/Src/stm32f0xx_hal.o
                0x08001840                HAL_Init
 .text.HAL_InitTick
                0x08001868       0x68 ./Drivers/STM32F0xx_HAL_Driver/Src/stm32f0xx_hal.o
                0x08001868                HAL_InitTick
 .text.HAL_IncTick
                0x080018d0       0x24 ./Drivers/STM32F0xx_HAL_Driver/Src/stm32f0xx_hal.o
                0x080018d0                HAL_IncTick
 .text.HAL_GetTick
                0x080018f4       0x14 ./Drivers/STM32F0xx_HAL_Driver/Src/stm32f0xx_hal.o
                0x080018f4                HAL_GetTick
 .text.HAL_CAN_Init
                0x08001908      0x1fc ./Drivers/STM32F0xx_HAL_Driver/Src/stm32f0xx_hal_can.o
                0x08001908                HAL_CAN_Init
 .text.HAL_CAN_DeInit
                0x08001b04       0x4c ./Drivers/STM32F0xx_HAL_Driver/Src/stm32f0xx_hal_can.o
                0x08001b04                HAL_CAN_DeInit
 .text.HAL_CAN_ConfigFilter
                0x08001b50      0x1e4 ./Drivers/STM32F0xx_HAL_Driver/Src/stm32f0xx_hal_can.o
                0x08001b50                HAL_CAN_ConfigFilter
 .text.HAL_CAN_Start
                0x08001d34       0x8c ./Drivers/STM32F0xx_HAL_Driver/Src/stm32f0xx_hal_can.o
                0x08001d34                HAL_CAN_Start
 .text.HAL_CAN_Stop
                0x08001dc0       0x96 ./Drivers/STM32F0xx_HAL_Driver/Src/stm32f0xx_hal_can.o
                0x08001dc0                HAL_CAN_Stop
 .text.HAL_CAN_AddTxMessage
                0x08001e56      0x1a4 ./Drivers/STM32F0xx_HAL_Driver/Src/stm32f0xx_hal_can.o
                0x08001e56                HAL_CAN_AddTxMessage
 .text.HAL_CAN_GetRxMessage
                0x08001ffa      0x256 ./Drivers/STM32F0xx_HAL_Driver/Src/stm32f0xx_hal_can.o
                0x08001ffa                HAL_CAN_GetRxMessage
 .text.HAL_CAN_ActivateNotification
                0x08002250       0x54 ./Drivers/STM32F0xx_HAL_Driver/Src/stm32f0xx_hal_can.o
                0x08002250                HAL_CAN_ActivateNotification
 .text.HAL_CAN_IRQHandler
                0x080022a4      0x368 ./Drivers/STM32F0xx_HAL_Driver/Src/stm32f0xx_hal_can.o
                0x080022a4                HAL_CAN_IRQHandler
 .text.HAL_CAN_TxMailbox1CompleteCallback
                0x0800260c       0x10 ./Drivers/STM32F0xx_HAL_Driver/Src/stm32f0xx_hal_can.o
                0x0800260c                HAL_CAN_TxMailbox1CompleteCallback
 .text.HAL_CAN_TxMailbox2CompleteCallback
                0x0800261c       0x10 ./Drivers/STM32F0xx_HAL_Driver/Src/stm32f0xx_hal_can.o
                0x0800261c                HAL_CAN_TxMailbox2CompleteCallback
 .text.HAL_CAN_TxMailbox0AbortCallback
                0x0800262c       0x10 ./Drivers/STM32F0xx_HAL_Driver/Src/stm32f0xx_hal_can.o
                0x0800262c                HAL_CAN_TxMailbox0AbortCallback
 .text.HAL_CAN_TxMailbox1AbortCallback
                0x0800263c       0x10 ./Drivers/STM32F0xx_HAL_Driver/Src/stm32f0xx_hal_can.o
                0x0800263c                HAL_CAN_TxMailbox1AbortCallback
 .text.HAL_CAN_TxMailbox2AbortCallback
                0x0800264c       0x10 ./Drivers/STM32F0xx_HAL_Driver/Src/stm32f0xx_hal_can.o
                0x0800264c                HAL_CAN_TxMailbox2AbortCallback
 .text.HAL_CAN_RxFifo0FullCallback
                0x0800265c       0x10 ./Drivers/STM32F0xx_HAL_Driver/Src/stm32f0xx_hal_can.o
                0x0800265c                HAL_CAN_RxFifo0FullCallback
 .text.HAL_CAN_RxFifo1MsgPendingCallback
                0x0800266c       0x10 ./Drivers/STM32F0xx_HAL_Driver/Src/stm32f0xx_hal_can.o
                0x0800266c                HAL_CAN_RxFifo1MsgPendingCallback
 .text.HAL_CAN_RxFifo1FullCallback
                0x0800267c       0x10 ./Drivers/STM32F0xx_HAL_Driver/Src/stm32f0xx_hal_can.o
                0x0800267c                HAL_CAN_RxFifo1FullCallback
 .text.HAL_CAN_SleepCallback
                0x0800268c       0x10 ./Drivers/STM32F0xx_HAL_Driver/Src/stm32f0xx_hal_can.o
                0x0800268c                HAL_CAN_SleepCallback
 .text.HAL_CAN_WakeUpFromRxMsgCallback
                0x0800269c       0x10 ./Drivers/STM32F0xx_HAL_Driver/Src/stm32f0xx_hal_can.o
                0x0800269c                HAL_CAN_WakeUpFromRxMsgCallback
 .text.HAL_CAN_ErrorCallback
                0x080026ac       0x10 ./Drivers/STM32F0xx_HAL_Driver/Src/stm32f0xx_hal_can.o
                0x080026ac                HAL_CAN_ErrorCallback
 .text.__NVIC_EnableIRQ
                0x080026bc       0x34 ./Drivers/STM32F0xx_HAL_Driver/Src/stm32f0xx_hal_cortex.o
 .text.__NVIC_DisableIRQ
                0x080026f0       0x44 ./Drivers/STM32F0xx_HAL_Driver/Src/stm32f0xx_hal_cortex.o
 .text.__NVIC_SetPriority
                0x08002734       0xdc ./Drivers/STM32F0xx_HAL_Driver/Src/stm32f0xx_hal_cortex.o
 .text.SysTick_Config
                0x08002810       0x48 ./Drivers/STM32F0xx_HAL_Driver/Src/stm32f0xx_hal_cortex.o
 .text.HAL_NVIC_SetPriority
                0x08002858       0x2a ./Drivers/STM32F0xx_HAL_Driver/Src/stm32f0xx_hal_cortex.o
                0x08002858                HAL_NVIC_SetPriority
 .text.HAL_NVIC_EnableIRQ
                0x08002882       0x20 ./Drivers/STM32F0xx_HAL_Driver/Src/stm32f0xx_hal_cortex.o
                0x08002882                HAL_NVIC_EnableIRQ
 .text.HAL_NVIC_DisableIRQ
                0x080028a2       0x20 ./Drivers/STM32F0xx_HAL_Driver/Src/stm32f0xx_hal_cortex.o
                0x080028a2                HAL_NVIC_DisableIRQ
 .text.HAL_SYSTICK_Config
                0x080028c2       0x1a ./Drivers/STM32F0xx_HAL_Driver/Src/stm32f0xx_hal_cortex.o
                0x080028c2                HAL_SYSTICK_Config
 .text.HAL_GPIO_Init
                0x080028dc      0x2f0 ./Drivers/STM32F0xx_HAL_Driver/Src/stm32f0xx_hal_gpio.o
                0x080028dc                HAL_GPIO_Init
 .text.HAL_GPIO_DeInit
                0x08002bcc      0x1b0 ./Drivers/STM32F0xx_HAL_Driver/Src/stm32f0xx_hal_gpio.o
                0x08002bcc                HAL_GPIO_DeInit
 .text.HAL_GPIO_WritePin
                0x08002d7c       0x3a ./Drivers/STM32F0xx_HAL_Driver/Src/stm32f0xx_hal_gpio.o
                0x08002d7c                HAL_GPIO_WritePin
 .text.HAL_GPIO_TogglePin
                0x08002db6       0x36 ./Drivers/STM32F0xx_HAL_Driver/Src/stm32f0xx_hal_gpio.o
                0x08002db6                HAL_GPIO_TogglePin
 .text.HAL_PCD_Init
                0x08002dec      0x1e8 ./Drivers/STM32F0xx_HAL_Driver/Src/stm32f0xx_hal_pcd.o
                0x08002dec                HAL_PCD_Init
 .text.HAL_PCD_Start
                0x08002fd4       0x4a ./Drivers/STM32F0xx_HAL_Driver/Src/stm32f0xx_hal_pcd.o
                0x08002fd4                HAL_PCD_Start
 *fill*         0x0800301e        0x2 
 .text.HAL_PCD_IRQHandler
                0x08003020      0x288 ./Drivers/STM32F0xx_HAL_Driver/Src/stm32f0xx_hal_pcd.o
                0x08003020                HAL_PCD_IRQHandler
 .text.HAL_PCD_SetAddress
                0x080032a8       0x54 ./Drivers/STM32F0xx_HAL_Driver/Src/stm32f0xx_hal_pcd.o
                0x080032a8                HAL_PCD_SetAddress
 .text.HAL_PCD_EP_Open
                0x080032fc       0xde ./Drivers/STM32F0xx_HAL_Driver/Src/stm32f0xx_hal_pcd.o
                0x080032fc                HAL_PCD_EP_Open
 .text.HAL_PCD_EP_Close
                0x080033da       0xa2 ./Drivers/STM32F0xx_HAL_Driver/Src/stm32f0xx_hal_pcd.o
                0x080033da                HAL_PCD_EP_Close
 .text.HAL_PCD_EP_Receive
                0x0800347c       0x6e ./Drivers/STM32F0xx_HAL_Driver/Src/stm32f0xx_hal_pcd.o
                0x0800347c                HAL_PCD_EP_Receive
 .text.HAL_PCD_EP_GetRxCount
                0x080034ea       0x32 ./Drivers/STM32F0xx_HAL_Driver/Src/stm32f0xx_hal_pcd.o
                0x080034ea                HAL_PCD_EP_GetRxCount
 .text.HAL_PCD_EP_Transmit
                0x0800351c       0x78 ./Drivers/STM32F0xx_HAL_Driver/Src/stm32f0xx_hal_pcd.o
                0x0800351c                HAL_PCD_EP_Transmit
 .text.HAL_PCD_EP_SetStall
                0x08003594       0xb8 ./Drivers/STM32F0xx_HAL_Driver/Src/stm32f0xx_hal_pcd.o
                0x08003594                HAL_PCD_EP_SetStall
 .text.HAL_PCD_EP_ClrStall
                0x0800364c       0xbc ./Drivers/STM32F0xx_HAL_Driver/Src/stm32f0xx_hal_pcd.o
                0x0800364c                HAL_PCD_EP_ClrStall
 .text.PCD_EP_ISR_Handler
                0x08003708      0x808 ./Drivers/STM32F0xx_HAL_Driver/Src/stm32f0xx_hal_pcd.o
 .text.HAL_PCD_EP_DB_Receive
                0x08003f10      0x238 ./Drivers/STM32F0xx_HAL_Driver/Src/stm32f0xx_hal_pcd.o
 .text.HAL_PCD_EP_DB_Transmit
                0x08004148      0x820 ./Drivers/STM32F0xx_HAL_Driver/Src/stm32f0xx_hal_pcd.o
 .text.HAL_PCDEx_PMAConfig
                0x08004968       0x9c ./Drivers/STM32F0xx_HAL_Driver/Src/stm32f0xx_hal_pcd_ex.o
                0x08004968                HAL_PCDEx_PMAConfig
 .text.HAL_PCDEx_ActivateLPM
                0x08004a04       0x54 ./Drivers/STM32F0xx_HAL_Driver/Src/stm32f0xx_hal_pcd_ex.o
                0x08004a04                HAL_PCDEx_ActivateLPM
 .text.HAL_PCDEx_LPM_Callback
                0x08004a58       0x16 ./Drivers/STM32F0xx_HAL_Driver/Src/stm32f0xx_hal_pcd_ex.o
                0x08004a58                HAL_PCDEx_LPM_Callback
 *fill*         0x08004a6e        0x2 
 .text.HAL_RCC_OscConfig
                0x08004a70      0x70c ./Drivers/STM32F0xx_HAL_Driver/Src/stm32f0xx_hal_rcc.o
                0x08004a70                HAL_RCC_OscConfig
 .text.HAL_RCC_ClockConfig
                0x0800517c      0x1b4 ./Drivers/STM32F0xx_HAL_Driver/Src/stm32f0xx_hal_rcc.o
                0x0800517c                HAL_RCC_ClockConfig
 .text.HAL_RCC_GetSysClockFreq
                0x08005330       0xe4 ./Drivers/STM32F0xx_HAL_Driver/Src/stm32f0xx_hal_rcc.o
                0x08005330                HAL_RCC_GetSysClockFreq
 .text.HAL_RCC_GetHCLKFreq
                0x08005414       0x14 ./Drivers/STM32F0xx_HAL_Driver/Src/stm32f0xx_hal_rcc.o
                0x08005414                HAL_RCC_GetHCLKFreq
 .text.HAL_RCC_GetPCLK1Freq
                0x08005428       0x2c ./Drivers/STM32F0xx_HAL_Driver/Src/stm32f0xx_hal_rcc.o
                0x08005428                HAL_RCC_GetPCLK1Freq
 .text.HAL_RCCEx_PeriphCLKConfig
                0x08005454      0x1fc ./Drivers/STM32F0xx_HAL_Driver/Src/stm32f0xx_hal_rcc_ex.o
                0x08005454                HAL_RCCEx_PeriphCLKConfig
 .text.USB_EnableGlobalInt
                0x08005650       0x2c ./Drivers/STM32F0xx_HAL_Driver/Src/stm32f0xx_ll_usb.o
                0x08005650                USB_EnableGlobalInt
 .text.USB_DisableGlobalInt
                0x0800567c       0x34 ./Drivers/STM32F0xx_HAL_Driver/Src/stm32f0xx_ll_usb.o
                0x0800567c                USB_DisableGlobalInt
 .text.USB_DevInit
                0x080056b0       0x38 ./Drivers/STM32F0xx_HAL_Driver/Src/stm32f0xx_ll_usb.o
                0x080056b0                USB_DevInit
 .text.USB_ActivateEndpoint
                0x080056e8      0x750 ./Drivers/STM32F0xx_HAL_Driver/Src/stm32f0xx_ll_usb.o
                0x080056e8                USB_ActivateEndpoint
 .text.USB_DeactivateEndpoint
                0x08005e38      0x380 ./Drivers/STM32F0xx_HAL_Driver/Src/stm32f0xx_ll_usb.o
                0x08005e38                USB_DeactivateEndpoint
 .text.USB_EPStartXfer
                0x080061b8     0x1260 ./Drivers/STM32F0xx_HAL_Driver/Src/stm32f0xx_ll_usb.o
                0x080061b8                USB_EPStartXfer
 .text.USB_EPSetStall
                0x08007418       0xa0 ./Drivers/STM32F0xx_HAL_Driver/Src/stm32f0xx_ll_usb.o
                0x08007418                USB_EPSetStall
 .text.USB_EPClearStall
                0x080074b8      0x164 ./Drivers/STM32F0xx_HAL_Driver/Src/stm32f0xx_ll_usb.o
                0x080074b8                USB_EPClearStall
 .text.USB_SetDevAddress
                0x0800761c       0x28 ./Drivers/STM32F0xx_HAL_Driver/Src/stm32f0xx_ll_usb.o
                0x0800761c                USB_SetDevAddress
 .text.USB_DevConnect
                0x08007644       0x2c ./Drivers/STM32F0xx_HAL_Driver/Src/stm32f0xx_ll_usb.o
                0x08007644                USB_DevConnect
 .text.USB_ReadInterrupts
                0x08007670       0x1c ./Drivers/STM32F0xx_HAL_Driver/Src/stm32f0xx_ll_usb.o
                0x08007670                USB_ReadInterrupts
 .text.USB_WritePMA
                0x0800768c       0x94 ./Drivers/STM32F0xx_HAL_Driver/Src/stm32f0xx_ll_usb.o
                0x0800768c                USB_WritePMA
 .text.USB_ReadPMA
                0x08007720       0x9e ./Drivers/STM32F0xx_HAL_Driver/Src/stm32f0xx_ll_usb.o
                0x08007720                USB_ReadPMA
 .text.USBD_CDC_Init
                0x080077be      0x118 ./Middlewares/ST/STM32_USB_Device_Library/Class/CDC/Src/usbd_cdc.o
 .text.USBD_CDC_DeInit
                0x080078d6       0x88 ./Middlewares/ST/STM32_USB_Device_Library/Class/CDC/Src/usbd_cdc.o
 *fill*         0x0800795e        0x2 
 .text.USBD_CDC_Setup
                0x08007960      0x190 ./Middlewares/ST/STM32_USB_Device_Library/Class/CDC/Src/usbd_cdc.o
 .text.USBD_CDC_DataIn
                0x08007af0       0xb6 ./Middlewares/ST/STM32_USB_Device_Library/Class/CDC/Src/usbd_cdc.o
 .text.USBD_CDC_DataOut
                0x08007ba6       0x6a ./Middlewares/ST/STM32_USB_Device_Library/Class/CDC/Src/usbd_cdc.o
 .text.USBD_CDC_EP0_RxReady
                0x08007c10       0x60 ./Middlewares/ST/STM32_USB_Device_Library/Class/CDC/Src/usbd_cdc.o
 .text.USBD_CDC_GetFSCfgDesc
                0x08007c70       0x1c ./Middlewares/ST/STM32_USB_Device_Library/Class/CDC/Src/usbd_cdc.o
 .text.USBD_CDC_GetHSCfgDesc
                0x08007c8c       0x1c ./Middlewares/ST/STM32_USB_Device_Library/Class/CDC/Src/usbd_cdc.o
 .text.USBD_CDC_GetOtherSpeedCfgDesc
                0x08007ca8       0x1c ./Middlewares/ST/STM32_USB_Device_Library/Class/CDC/Src/usbd_cdc.o
 .text.USBD_CDC_GetDeviceQualifierDescriptor
                0x08007cc4       0x1c ./Middlewares/ST/STM32_USB_Device_Library/Class/CDC/Src/usbd_cdc.o
                0x08007cc4                USBD_CDC_GetDeviceQualifierDescriptor
 .text.USBD_CDC_RegisterInterface
                0x08007ce0       0x36 ./Middlewares/ST/STM32_USB_Device_Library/Class/CDC/Src/usbd_cdc.o
                0x08007ce0                USBD_CDC_RegisterInterface
 .text.USBD_CDC_SetTxBuffer
                0x08007d16       0x38 ./Middlewares/ST/STM32_USB_Device_Library/Class/CDC/Src/usbd_cdc.o
                0x08007d16                USBD_CDC_SetTxBuffer
 .text.USBD_CDC_SetRxBuffer
                0x08007d4e       0x28 ./Middlewares/ST/STM32_USB_Device_Library/Class/CDC/Src/usbd_cdc.o
                0x08007d4e                USBD_CDC_SetRxBuffer
 .text.USBD_CDC_TransmitPacket
                0x08007d76       0x6e ./Middlewares/ST/STM32_USB_Device_Library/Class/CDC/Src/usbd_cdc.o
                0x08007d76                USBD_CDC_TransmitPacket
 .text.USBD_CDC_ReceivePacket
                0x08007de4       0x5c ./Middlewares/ST/STM32_USB_Device_Library/Class/CDC/Src/usbd_cdc.o
                0x08007de4                USBD_CDC_ReceivePacket
 .text.USBD_Init
                0x08007e40       0x62 ./Middlewares/ST/STM32_USB_Device_Library/Core/Src/usbd_core.o
                0x08007e40                USBD_Init
 .text.USBD_RegisterClass
                0x08007ea2       0x40 ./Middlewares/ST/STM32_USB_Device_Library/Core/Src/usbd_core.o
                0x08007ea2                USBD_RegisterClass
 .text.USBD_Start
                0x08007ee2       0x1a ./Middlewares/ST/STM32_USB_Device_Library/Core/Src/usbd_core.o
                0x08007ee2                USBD_Start
 .text.USBD_RunTestMode
                0x08007efc       0x12 ./Middlewares/ST/STM32_USB_Device_Library/Core/Src/usbd_core.o
                0x08007efc                USBD_RunTestMode
 .text.USBD_SetClassConfig
                0x08007f0e       0x4e ./Middlewares/ST/STM32_USB_Device_Library/Core/Src/usbd_core.o
                0x08007f0e                USBD_SetClassConfig
 .text.USBD_ClrClassConfig
                0x08007f5c       0x2c ./Middlewares/ST/STM32_USB_Device_Library/Core/Src/usbd_core.o
                0x08007f5c                USBD_ClrClassConfig
 .text.USBD_LL_SetupStage
                0x08007f88       0xbc ./Middlewares/ST/STM32_USB_Device_Library/Core/Src/usbd_core.o
                0x08007f88                USBD_LL_SetupStage
 .text.USBD_LL_DataOutStage
                0x08008044      0x104 ./Middlewares/ST/STM32_USB_Device_Library/Core/Src/usbd_core.o
                0x08008044                USBD_LL_DataOutStage
 .text.USBD_LL_DataInStage
                0x08008148      0x17a ./Middlewares/ST/STM32_USB_Device_Library/Core/Src/usbd_core.o
                0x08008148                USBD_LL_DataInStage
 .text.USBD_LL_Reset
                0x080082c2       0x90 ./Middlewares/ST/STM32_USB_Device_Library/Core/Src/usbd_core.o
                0x080082c2                USBD_LL_Reset
 .text.USBD_LL_SetSpeed
                0x08008352       0x20 ./Middlewares/ST/STM32_USB_Device_Library/Core/Src/usbd_core.o
                0x08008352                USBD_LL_SetSpeed
 *fill*         0x08008372        0x2 
 .text.USBD_LL_Suspend
                0x08008374       0x30 ./Middlewares/ST/STM32_USB_Device_Library/Core/Src/usbd_core.o
                0x08008374                USBD_LL_Suspend
 .text.USBD_LL_Resume
                0x080083a4       0x30 ./Middlewares/ST/STM32_USB_Device_Library/Core/Src/usbd_core.o
                0x080083a4                USBD_LL_Resume
 .text.USBD_LL_SOF
                0x080083d4       0x3c ./Middlewares/ST/STM32_USB_Device_Library/Core/Src/usbd_core.o
                0x080083d4                USBD_LL_SOF
 .text.USBD_StdDevReq
                0x08008410       0xe4 ./Middlewares/ST/STM32_USB_Device_Library/Core/Src/usbd_ctlreq.o
                0x08008410                USBD_StdDevReq
 .text.USBD_StdItfReq
                0x080084f4       0xae ./Middlewares/ST/STM32_USB_Device_Library/Core/Src/usbd_ctlreq.o
                0x080084f4                USBD_StdItfReq
 .text.USBD_StdEPReq
                0x080085a2      0x36c ./Middlewares/ST/STM32_USB_Device_Library/Core/Src/usbd_ctlreq.o
                0x080085a2                USBD_StdEPReq
 *fill*         0x0800890e        0x2 
 .text.USBD_GetDescriptor
                0x08008910      0x364 ./Middlewares/ST/STM32_USB_Device_Library/Core/Src/usbd_ctlreq.o
 .text.USBD_SetAddress
                0x08008c74       0xa8 ./Middlewares/ST/STM32_USB_Device_Library/Core/Src/usbd_ctlreq.o
 .text.USBD_SetConfig
                0x08008d1c      0x148 ./Middlewares/ST/STM32_USB_Device_Library/Core/Src/usbd_ctlreq.o
 .text.USBD_GetConfig
                0x08008e64       0x76 ./Middlewares/ST/STM32_USB_Device_Library/Core/Src/usbd_ctlreq.o
 .text.USBD_GetStatus
                0x08008eda       0x74 ./Middlewares/ST/STM32_USB_Device_Library/Core/Src/usbd_ctlreq.o
 .text.USBD_SetFeature
                0x08008f4e       0x2c ./Middlewares/ST/STM32_USB_Device_Library/Core/Src/usbd_ctlreq.o
 .text.USBD_ClrFeature
                0x08008f7a       0x4c ./Middlewares/ST/STM32_USB_Device_Library/Core/Src/usbd_ctlreq.o
 .text.USBD_ParseSetupRequest
                0x08008fc6       0x70 ./Middlewares/ST/STM32_USB_Device_Library/Core/Src/usbd_ctlreq.o
                0x08008fc6                USBD_ParseSetupRequest
 .text.USBD_CtlError
                0x08009036       0x26 ./Middlewares/ST/STM32_USB_Device_Library/Core/Src/usbd_ctlreq.o
                0x08009036                USBD_CtlError
 .text.USBD_GetString
                0x0800905c       0x9c ./Middlewares/ST/STM32_USB_Device_Library/Core/Src/usbd_ctlreq.o
                0x0800905c                USBD_GetString
 .text.USBD_GetLen
                0x080090f8       0x3a ./Middlewares/ST/STM32_USB_Device_Library/Core/Src/usbd_ctlreq.o
 .text.USBD_CtlSendData
                0x08009132       0x40 ./Middlewares/ST/STM32_USB_Device_Library/Core/Src/usbd_ioreq.o
                0x08009132                USBD_CtlSendData
 .text.USBD_CtlContinueSendData
                0x08009172       0x26 ./Middlewares/ST/STM32_USB_Device_Library/Core/Src/usbd_ioreq.o
                0x08009172                USBD_CtlContinueSendData
 .text.USBD_CtlPrepareRx
                0x08009198       0x48 ./Middlewares/ST/STM32_USB_Device_Library/Core/Src/usbd_ioreq.o
                0x08009198                USBD_CtlPrepareRx
 .text.USBD_CtlContinueRx
                0x080091e0       0x26 ./Middlewares/ST/STM32_USB_Device_Library/Core/Src/usbd_ioreq.o
                0x080091e0                USBD_CtlContinueRx
 .text.USBD_CtlSendStatus
                0x08009206       0x28 ./Middlewares/ST/STM32_USB_Device_Library/Core/Src/usbd_ioreq.o
                0x08009206                USBD_CtlSendStatus
 .text.USBD_CtlReceiveStatus
                0x0800922e       0x28 ./Middlewares/ST/STM32_USB_Device_Library/Core/Src/usbd_ioreq.o
                0x0800922e                USBD_CtlReceiveStatus
 *fill*         0x08009256        0x2 
 .text.MX_USB_DEVICE_Init
                0x08009258       0x68 ./USB_DEVICE/App/usb_device.o
                0x08009258                MX_USB_DEVICE_Init
 .text.CDC_Init_FS
                0x080092c0       0x30 ./USB_DEVICE/App/usbd_cdc_if.o
 .text.CDC_DeInit_FS
                0x080092f0        0xc ./USB_DEVICE/App/usbd_cdc_if.o
 .text.CDC_Control_FS
                0x080092fc       0x38 ./USB_DEVICE/App/usbd_cdc_if.o
 .text.CDC_Receive_FS
                0x08009334       0x40 ./USB_DEVICE/App/usbd_cdc_if.o
 .text.CDC_Transmit_FS
                0x08009374       0x60 ./USB_DEVICE/App/usbd_cdc_if.o
                0x08009374                CDC_Transmit_FS
 .text.USBD_FS_DeviceDescriptor
                0x080093d4       0x24 ./USB_DEVICE/App/usbd_desc.o
                0x080093d4                USBD_FS_DeviceDescriptor
 .text.USBD_FS_LangIDStrDescriptor
                0x080093f8       0x24 ./USB_DEVICE/App/usbd_desc.o
                0x080093f8                USBD_FS_LangIDStrDescriptor
 .text.USBD_FS_ProductStrDescriptor
                0x0800941c       0x44 ./USB_DEVICE/App/usbd_desc.o
                0x0800941c                USBD_FS_ProductStrDescriptor
 .text.USBD_FS_ManufacturerStrDescriptor
                0x08009460       0x2c ./USB_DEVICE/App/usbd_desc.o
                0x08009460                USBD_FS_ManufacturerStrDescriptor
 .text.USBD_FS_SerialStrDescriptor
                0x0800948c       0x28 ./USB_DEVICE/App/usbd_desc.o
                0x0800948c                USBD_FS_SerialStrDescriptor
 .text.USBD_FS_ConfigStrDescriptor
                0x080094b4       0x44 ./USB_DEVICE/App/usbd_desc.o
                0x080094b4                USBD_FS_ConfigStrDescriptor
 .text.USBD_FS_InterfaceStrDescriptor
                0x080094f8       0x44 ./USB_DEVICE/App/usbd_desc.o
                0x080094f8                USBD_FS_InterfaceStrDescriptor
 .text.Get_SerialNum
                0x0800953c       0x5c ./USB_DEVICE/App/usbd_desc.o
 .text.IntToUnicode
                0x08009598       0x96 ./USB_DEVICE/App/usbd_desc.o
 *fill*         0x0800962e        0x2 
 .text.HAL_PCD_MspInit
                0x08009630       0x50 ./USB_DEVICE/Target/usbd_conf.o
                0x08009630                HAL_PCD_MspInit
 .text.HAL_PCD_SetupStageCallback
                0x08009680       0x2a ./USB_DEVICE/Target/usbd_conf.o
                0x08009680                HAL_PCD_SetupStageCallback
 .text.HAL_PCD_DataOutStageCallback
                0x080096aa       0x42 ./USB_DEVICE/Target/usbd_conf.o
                0x080096aa                HAL_PCD_DataOutStageCallback
 .text.HAL_PCD_DataInStageCallback
                0x080096ec       0x3c ./USB_DEVICE/Target/usbd_conf.o
                0x080096ec                HAL_PCD_DataInStageCallback
 .text.HAL_PCD_SOFCallback
                0x08009728       0x1e ./USB_DEVICE/Target/usbd_conf.o
                0x08009728                HAL_PCD_SOFCallback
 .text.HAL_PCD_ResetCallback
                0x08009746       0x48 ./USB_DEVICE/Target/usbd_conf.o
                0x08009746                HAL_PCD_ResetCallback
 *fill*         0x0800978e        0x2 
 .text.HAL_PCD_SuspendCallback
                0x08009790       0x38 ./USB_DEVICE/Target/usbd_conf.o
                0x08009790                HAL_PCD_SuspendCallback
 .text.HAL_PCD_ResumeCallback
                0x080097c8       0x3c ./USB_DEVICE/Target/usbd_conf.o
                0x080097c8                HAL_PCD_ResumeCallback
 .text.USBD_LL_Init
                0x08009804       0xc8 ./USB_DEVICE/Target/usbd_conf.o
                0x08009804                USBD_LL_Init
 .text.USBD_LL_Start
                0x080098cc       0x4a ./USB_DEVICE/Target/usbd_conf.o
                0x080098cc                USBD_LL_Start
 .text.USBD_LL_OpenEP
                0x08009916       0x6e ./USB_DEVICE/Target/usbd_conf.o
                0x08009916                USBD_LL_OpenEP
 .text.USBD_LL_CloseEP
                0x08009984       0x56 ./USB_DEVICE/Target/usbd_conf.o
                0x08009984                USBD_LL_CloseEP
 .text.USBD_LL_StallEP
                0x080099da       0x56 ./USB_DEVICE/Target/usbd_conf.o
                0x080099da                USBD_LL_StallEP
 .text.USBD_LL_ClearStallEP
                0x08009a30       0x56 ./USB_DEVICE/Target/usbd_conf.o
                0x08009a30                USBD_LL_ClearStallEP
 .text.USBD_LL_IsStallEP
                0x08009a86       0x60 ./USB_DEVICE/Target/usbd_conf.o
                0x08009a86                USBD_LL_IsStallEP
 .text.USBD_LL_SetUSBAddress
                0x08009ae6       0x56 ./USB_DEVICE/Target/usbd_conf.o
                0x08009ae6                USBD_LL_SetUSBAddress
 .text.USBD_LL_Transmit
                0x08009b3c       0x6e ./USB_DEVICE/Target/usbd_conf.o
                0x08009b3c                USBD_LL_Transmit
 .text.USBD_LL_PrepareReceive
                0x08009baa       0x6e ./USB_DEVICE/Target/usbd_conf.o
                0x08009baa                USBD_LL_PrepareReceive
 .text.USBD_LL_GetRxDataSize
                0x08009c18       0x2c ./USB_DEVICE/Target/usbd_conf.o
                0x08009c18                USBD_LL_GetRxDataSize
 .text.USBD_static_malloc
                0x08009c44       0x18 ./USB_DEVICE/Target/usbd_conf.o
                0x08009c44                USBD_static_malloc
 .text.USBD_static_free
                0x08009c5c       0x10 ./USB_DEVICE/Target/usbd_conf.o
                0x08009c5c                USBD_static_free
 .text.SystemClockConfig_Resume
                0x08009c6c        0xe ./USB_DEVICE/Target/usbd_conf.o
 .text.USBD_Get_USB_Status
                0x08009c7a       0x6e ./USB_DEVICE/Target/usbd_conf.o
 .text.sprintf  0x08009ce8       0x44 C:/ST/STM32CubeIDE_1.19.0/STM32CubeIDE/plugins/com.st.stm32cube.ide.mcu.externaltools.gnu-tools-for-stm32.13.3.rel1.win32_1.0.0.202411081344/tools/bin/../lib/gcc/arm-none-eabi/13.3.1/../../../../arm-none-eabi/lib/thumb/v6-m/nofp\libc_nano.a(libc_a-sprintf.o)
                0x08009ce8                siprintf
                0x08009ce8                sprintf
 .text.memset   0x08009d2c       0x10 C:/ST/STM32CubeIDE_1.19.0/STM32CubeIDE/plugins/com.st.stm32cube.ide.mcu.externaltools.gnu-tools-for-stm32.13.3.rel1.win32_1.0.0.202411081344/tools/bin/../lib/gcc/arm-none-eabi/13.3.1/../../../../arm-none-eabi/lib/thumb/v6-m/nofp\libc_nano.a(libc_a-memset.o)
                0x08009d2c                memset
 .text.__errno  0x08009d3c        0xc C:/ST/STM32CubeIDE_1.19.0/STM32CubeIDE/plugins/com.st.stm32cube.ide.mcu.externaltools.gnu-tools-for-stm32.13.3.rel1.win32_1.0.0.202411081344/tools/bin/../lib/gcc/arm-none-eabi/13.3.1/../../../../arm-none-eabi/lib/thumb/v6-m/nofp\libc_nano.a(libc_a-errno.o)
                0x08009d3c                __errno
 .text.__libc_init_array
                0x08009d48       0x48 C:/ST/STM32CubeIDE_1.19.0/STM32CubeIDE/plugins/com.st.stm32cube.ide.mcu.externaltools.gnu-tools-for-stm32.13.3.rel1.win32_1.0.0.202411081344/tools/bin/../lib/gcc/arm-none-eabi/13.3.1/../../../../arm-none-eabi/lib/thumb/v6-m/nofp\libc_nano.a(libc_a-init.o)
                0x08009d48                __libc_init_array
 .text.__retarget_lock_acquire_recursive
                0x08009d90        0x2 C:/ST/STM32CubeIDE_1.19.0/STM32CubeIDE/plugins/com.st.stm32cube.ide.mcu.externaltools.gnu-tools-for-stm32.13.3.rel1.win32_1.0.0.202411081344/tools/bin/../lib/gcc/arm-none-eabi/13.3.1/../../../../arm-none-eabi/lib/thumb/v6-m/nofp\libc_nano.a(libc_a-lock.o)
                0x08009d90                __retarget_lock_acquire_recursive
 .text.__retarget_lock_release_recursive
                0x08009d92        0x2 C:/ST/STM32CubeIDE_1.19.0/STM32CubeIDE/plugins/com.st.stm32cube.ide.mcu.externaltools.gnu-tools-for-stm32.13.3.rel1.win32_1.0.0.202411081344/tools/bin/../lib/gcc/arm-none-eabi/13.3.1/../../../../arm-none-eabi/lib/thumb/v6-m/nofp\libc_nano.a(libc_a-lock.o)
                0x08009d92                __retarget_lock_release_recursive
 .text.memcpy   0x08009d94       0x12 C:/ST/STM32CubeIDE_1.19.0/STM32CubeIDE/plugins/com.st.stm32cube.ide.mcu.externaltools.gnu-tools-for-stm32.13.3.rel1.win32_1.0.0.202411081344/tools/bin/../lib/gcc/arm-none-eabi/13.3.1/../../../../arm-none-eabi/lib/thumb/v6-m/nofp\libc_nano.a(libc_a-memcpy-stub.o)
                0x08009d94                memcpy
 *fill*         0x08009da6        0x2 
 .text._free_r  0x08009da8       0x94 C:/ST/STM32CubeIDE_1.19.0/STM32CubeIDE/plugins/com.st.stm32cube.ide.mcu.externaltools.gnu-tools-for-stm32.13.3.rel1.win32_1.0.0.202411081344/tools/bin/../lib/gcc/arm-none-eabi/13.3.1/../../../../arm-none-eabi/lib/thumb/v6-m/nofp\libc_nano.a(libc_a-freer.o)
                0x08009da8                _free_r
 .text.sbrk_aligned
                0x08009e3c       0x44 C:/ST/STM32CubeIDE_1.19.0/STM32CubeIDE/plugins/com.st.stm32cube.ide.mcu.externaltools.gnu-tools-for-stm32.13.3.rel1.win32_1.0.0.202411081344/tools/bin/../lib/gcc/arm-none-eabi/13.3.1/../../../../arm-none-eabi/lib/thumb/v6-m/nofp\libc_nano.a(libc_a-mallocr.o)
 .text._malloc_r
                0x08009e80      0x100 C:/ST/STM32CubeIDE_1.19.0/STM32CubeIDE/plugins/com.st.stm32cube.ide.mcu.externaltools.gnu-tools-for-stm32.13.3.rel1.win32_1.0.0.202411081344/tools/bin/../lib/gcc/arm-none-eabi/13.3.1/../../../../arm-none-eabi/lib/thumb/v6-m/nofp\libc_nano.a(libc_a-mallocr.o)
                0x08009e80                _malloc_r
 .text.__malloc_lock
                0x08009f80       0x10 C:/ST/STM32CubeIDE_1.19.0/STM32CubeIDE/plugins/com.st.stm32cube.ide.mcu.externaltools.gnu-tools-for-stm32.13.3.rel1.win32_1.0.0.202411081344/tools/bin/../lib/gcc/arm-none-eabi/13.3.1/../../../../arm-none-eabi/lib/thumb/v6-m/nofp\libc_nano.a(libc_a-mlock.o)
                0x08009f80                __malloc_lock
 .text.__malloc_unlock
                0x08009f90       0x10 C:/ST/STM32CubeIDE_1.19.0/STM32CubeIDE/plugins/com.st.stm32cube.ide.mcu.externaltools.gnu-tools-for-stm32.13.3.rel1.win32_1.0.0.202411081344/tools/bin/../lib/gcc/arm-none-eabi/13.3.1/../../../../arm-none-eabi/lib/thumb/v6-m/nofp\libc_nano.a(libc_a-mlock.o)
                0x08009f90                __malloc_unlock
 .text.__ssputs_r
                0x08009fa0       0xc0 C:/ST/STM32CubeIDE_1.19.0/STM32CubeIDE/plugins/com.st.stm32cube.ide.mcu.externaltools.gnu-tools-for-stm32.13.3.rel1.win32_1.0.0.202411081344/tools/bin/../lib/gcc/arm-none-eabi/13.3.1/../../../../arm-none-eabi/lib/thumb/v6-m/nofp\libc_nano.a(libc_a-nano-svfprintf.o)
                0x08009fa0                __ssputs_r
 .text._svfprintf_r
                0x0800a060      0x1fc C:/ST/STM32CubeIDE_1.19.0/STM32CubeIDE/plugins/com.st.stm32cube.ide.mcu.externaltools.gnu-tools-for-stm32.13.3.rel1.win32_1.0.0.202411081344/tools/bin/../lib/gcc/arm-none-eabi/13.3.1/../../../../arm-none-eabi/lib/thumb/v6-m/nofp\libc_nano.a(libc_a-nano-svfprintf.o)
                0x0800a060                _svfiprintf_r
                0x0800a060                _svfprintf_r
 .text._printf_common
                0x0800a25c       0xde C:/ST/STM32CubeIDE_1.19.0/STM32CubeIDE/plugins/com.st.stm32cube.ide.mcu.externaltools.gnu-tools-for-stm32.13.3.rel1.win32_1.0.0.202411081344/tools/bin/../lib/gcc/arm-none-eabi/13.3.1/../../../../arm-none-eabi/lib/thumb/v6-m/nofp\libc_nano.a(libc_a-nano-vfprintf_i.o)
                0x0800a25c                _printf_common
 *fill*         0x0800a33a        0x2 
 .text._printf_i
                0x0800a33c      0x218 C:/ST/STM32CubeIDE_1.19.0/STM32CubeIDE/plugins/com.st.stm32cube.ide.mcu.externaltools.gnu-tools-for-stm32.13.3.rel1.win32_1.0.0.202411081344/tools/bin/../lib/gcc/arm-none-eabi/13.3.1/../../../../arm-none-eabi/lib/thumb/v6-m/nofp\libc_nano.a(libc_a-nano-vfprintf_i.o)
                0x0800a33c                _printf_i
 .text.memmove  0x0800a554       0x24 C:/ST/STM32CubeIDE_1.19.0/STM32CubeIDE/plugins/com.st.stm32cube.ide.mcu.externaltools.gnu-tools-for-stm32.13.3.rel1.win32_1.0.0.202411081344/tools/bin/../lib/gcc/arm-none-eabi/13.3.1/../../../../arm-none-eabi/lib/thumb/v6-m/nofp\libc_nano.a(libc_a-memmove.o)
                0x0800a554                memmove
 .text._sbrk_r  0x0800a578       0x24 C:/ST/STM32CubeIDE_1.19.0/STM32CubeIDE/plugins/com.st.stm32cube.ide.mcu.externaltools.gnu-tools-for-stm32.13.3.rel1.win32_1.0.0.202411081344/tools/bin/../lib/gcc/arm-none-eabi/13.3.1/../../../../arm-none-eabi/lib/thumb/v6-m/nofp\libc_nano.a(libc_a-sbrkr.o)
                0x0800a578                _sbrk_r
 .text.memchr   0x0800a59c       0x16 C:/ST/STM32CubeIDE_1.19.0/STM32CubeIDE/plugins/com.st.stm32cube.ide.mcu.externaltools.gnu-tools-for-stm32.13.3.rel1.win32_1.0.0.202411081344/tools/bin/../lib/gcc/arm-none-eabi/13.3.1/../../../../arm-none-eabi/lib/thumb/v6-m/nofp\libc_nano.a(libc_a-memchr-stub.o)
                0x0800a59c                memchr
 .text._realloc_r
                0x0800a5b2       0x60 C:/ST/STM32CubeIDE_1.19.0/STM32CubeIDE/plugins/com.st.stm32cube.ide.mcu.externaltools.gnu-tools-for-stm32.13.3.rel1.win32_1.0.0.202411081344/tools/bin/../lib/gcc/arm-none-eabi/13.3.1/../../../../arm-none-eabi/lib/thumb/v6-m/nofp\libc_nano.a(libc_a-reallocr.o)
                0x0800a5b2                _realloc_r
 .text._malloc_usable_size_r
                0x0800a612       0x10 C:/ST/STM32CubeIDE_1.19.0/STM32CubeIDE/plugins/com.st.stm32cube.ide.mcu.externaltools.gnu-tools-for-stm32.13.3.rel1.win32_1.0.0.202411081344/tools/bin/../lib/gcc/arm-none-eabi/13.3.1/../../../../arm-none-eabi/lib/thumb/v6-m/nofp\libc_nano.a(libc_a-msizer.o)
                0x0800a612                _malloc_usable_size_r
 *(.glue_7)
 .glue_7        0x0800a622        0x0 linker stubs
 *(.glue_7t)
 .glue_7t       0x0800a622        0x0 linker stubs
 *(.eh_frame)
 *fill*         0x0800a622        0x2 
 .eh_frame      0x0800a624        0x0 C:/ST/STM32CubeIDE_1.19.0/STM32CubeIDE/plugins/com.st.stm32cube.ide.mcu.externaltools.gnu-tools-for-stm32.13.3.rel1.win32_1.0.0.202411081344/tools/bin/../lib/gcc/arm-none-eabi/13.3.1/thumb/v6-m/nofp/crtbegin.o
 *(.init)
 .init          0x0800a624        0x4 C:/ST/STM32CubeIDE_1.19.0/STM32CubeIDE/plugins/com.st.stm32cube.ide.mcu.externaltools.gnu-tools-for-stm32.13.3.rel1.win32_1.0.0.202411081344/tools/bin/../lib/gcc/arm-none-eabi/13.3.1/thumb/v6-m/nofp/crti.o
                0x0800a624                _init
 .init          0x0800a628        0x8 C:/ST/STM32CubeIDE_1.19.0/STM32CubeIDE/plugins/com.st.stm32cube.ide.mcu.externaltools.gnu-tools-for-stm32.13.3.rel1.win32_1.0.0.202411081344/tools/bin/../lib/gcc/arm-none-eabi/13.3.1/thumb/v6-m/nofp/crtn.o
 *(.fini)
 .fini          0x0800a630        0x4 C:/ST/STM32CubeIDE_1.19.0/STM32CubeIDE/plugins/com.st.stm32cube.ide.mcu.externaltools.gnu-tools-for-stm32.13.3.rel1.win32_1.0.0.202411081344/tools/bin/../lib/gcc/arm-none-eabi/13.3.1/thumb/v6-m/nofp/crti.o
                0x0800a630                _fini
 .fini          0x0800a634        0x8 C:/ST/STM32CubeIDE_1.19.0/STM32CubeIDE/plugins/com.st.stm32cube.ide.mcu.externaltools.gnu-tools-for-stm32.13.3.rel1.win32_1.0.0.202411081344/tools/bin/../lib/gcc/arm-none-eabi/13.3.1/thumb/v6-m/nofp/crtn.o
                0x0800a63c                        . = ALIGN (0x4)
                0x0800a63c                        _etext = .

.vfp11_veneer   0x0800a63c        0x0
 .vfp11_veneer  0x0800a63c        0x0 linker stubs

.v4_bx          0x0800a63c        0x0
 .v4_bx         0x0800a63c        0x0 linker stubs

.iplt           0x0800a63c        0x0
 .iplt          0x0800a63c        0x0 C:/ST/STM32CubeIDE_1.19.0/STM32CubeIDE/plugins/com.st.stm32cube.ide.mcu.externaltools.gnu-tools-for-stm32.13.3.rel1.win32_1.0.0.202411081344/tools/bin/../lib/gcc/arm-none-eabi/13.3.1/thumb/v6-m/nofp/crtbegin.o

.rodata         0x0800a63c      0x224
                0x0800a63c                        . = ALIGN (0x4)
 *(.rodata)
 .rodata        0x0800a63c       0x25 ./Core/Src/PollingRoutine.o
 *fill*         0x0800a661        0x3 
 .rodata        0x0800a664       0x46 ./USB_DEVICE/App/usbd_desc.o
 *(.rodata*)
 *fill*         0x0800a6aa        0x2 
 .rodata.USB_Parse
                0x0800a6ac       0x58 ./Core/Src/PollingRoutine.o
 .rodata.AHBPrescTable
                0x0800a704       0x10 ./Core/Src/system_stm32f0xx.o
                0x0800a704                AHBPrescTable
 .rodata.APBPrescTable
                0x0800a714        0x8 ./Core/Src/system_stm32f0xx.o
                0x0800a714                APBPrescTable
 .rodata.aPLLMULFactorTable.1
                0x0800a71c       0x10 ./Drivers/STM32F0xx_HAL_Driver/Src/stm32f0xx_hal_rcc.o
 .rodata.aPredivFactorTable.0
                0x0800a72c       0x10 ./Drivers/STM32F0xx_HAL_Driver/Src/stm32f0xx_hal_rcc.o
 .rodata.USBD_StdDevReq
                0x0800a73c       0x28 ./Middlewares/ST/STM32_USB_Device_Library/Core/Src/usbd_ctlreq.o
 .rodata.USBD_GetDescriptor
                0x0800a764       0x38 ./Middlewares/ST/STM32_USB_Device_Library/Core/Src/usbd_ctlreq.o
 .rodata.CDC_Control_FS
                0x0800a79c       0x90 ./USB_DEVICE/App/usbd_cdc_if.o
 .rodata._svfprintf_r.str1.1
                0x0800a82c       0x33 C:/ST/STM32CubeIDE_1.19.0/STM32CubeIDE/plugins/com.st.stm32cube.ide.mcu.externaltools.gnu-tools-for-stm32.13.3.rel1.win32_1.0.0.202411081344/tools/bin/../lib/gcc/arm-none-eabi/13.3.1/../../../../arm-none-eabi/lib/thumb/v6-m/nofp\libc_nano.a(libc_a-nano-svfprintf.o)
                                 0x11 (size before relaxing)
 .rodata._printf_i.str1.1
                0x0800a85f       0x22 C:/ST/STM32CubeIDE_1.19.0/STM32CubeIDE/plugins/com.st.stm32cube.ide.mcu.externaltools.gnu-tools-for-stm32.13.3.rel1.win32_1.0.0.202411081344/tools/bin/../lib/gcc/arm-none-eabi/13.3.1/../../../../arm-none-eabi/lib/thumb/v6-m/nofp\libc_nano.a(libc_a-nano-vfprintf_i.o)
                0x0800a884                        . = ALIGN (0x4)
 *fill*         0x0800a85f        0x1 

.ARM.extab      0x0800a860        0x0
                0x0800a860                        . = ALIGN (0x4)
 *(.ARM.extab* .gnu.linkonce.armextab.*)
                0x0800a860                        . = ALIGN (0x4)

.ARM            0x0800a860        0x0
                0x0800a860                        . = ALIGN (0x4)
                0x0800a860                        __exidx_start = .
 *(.ARM.exidx*)
                0x0800a860                        __exidx_end = .
                0x0800a860                        . = ALIGN (0x4)

.preinit_array  0x0800a860        0x0
                0x0800a860                        . = ALIGN (0x4)
                0x0800a860                        PROVIDE (__preinit_array_start = .)
 *(.preinit_array*)
                0x0800a860                        PROVIDE (__preinit_array_end = .)
                0x0800a860                        . = ALIGN (0x4)

.init_array     0x0800a860        0x4
                0x0800a860                        . = ALIGN (0x4)
                0x0800a860                        PROVIDE (__init_array_start = .)
 *(SORT_BY_NAME(.init_array.*))
 *(.init_array*)
 .init_array    0x0800a860        0x4 C:/ST/STM32CubeIDE_1.19.0/STM32CubeIDE/plugins/com.st.stm32cube.ide.mcu.externaltools.gnu-tools-for-stm32.13.3.rel1.win32_1.0.0.202411081344/tools/bin/../lib/gcc/arm-none-eabi/13.3.1/thumb/v6-m/nofp/crtbegin.o
                0x0800a864                        PROVIDE (__init_array_end = .)
                0x0800a864                        . = ALIGN (0x4)

.fini_array     0x0800a864        0x4
                0x0800a864                        . = ALIGN (0x4)
                [!provide]                        PROVIDE (__fini_array_start = .)
 *(SORT_BY_NAME(.fini_array.*))
 *(.fini_array*)
 .fini_array    0x0800a864        0x4 C:/ST/STM32CubeIDE_1.19.0/STM32CubeIDE/plugins/com.st.stm32cube.ide.mcu.externaltools.gnu-tools-for-stm32.13.3.rel1.win32_1.0.0.202411081344/tools/bin/../lib/gcc/arm-none-eabi/13.3.1/thumb/v6-m/nofp/crtbegin.o
                [!provide]                        PROVIDE (__fini_array_end = .)
                0x0800a868                        . = ALIGN (0x4)
                0x0800a868                        _sidata = LOADADDR (.data)

.rel.dyn        0x0800a868        0x0
 .rel.iplt      0x0800a868        0x0 C:/ST/STM32CubeIDE_1.19.0/STM32CubeIDE/plugins/com.st.stm32cube.ide.mcu.externaltools.gnu-tools-for-stm32.13.3.rel1.win32_1.0.0.202411081344/tools/bin/../lib/gcc/arm-none-eabi/13.3.1/thumb/v6-m/nofp/crtbegin.o

.data           0x20000000      0x254 load address 0x0800a868
                0x20000000                        . = ALIGN (0x4)
                0x20000000                        _sdata = .
 *(.data)
 *(.data*)
 .data.Hardware
                0x20000000        0x4 ./Core/Src/PollingRoutine.o
                0x20000000                Hardware
 .data.Version  0x20000004        0x4 ./Core/Src/PollingRoutine.o
                0x20000004                Version
 .data.can_msg  0x20000008       0x44 ./Core/Src/PollingRoutine.o
                0x20000008                can_msg
 .data.usb_msg  0x2000004c       0x3c ./Core/Src/PollingRoutine.o
                0x2000004c                usb_msg
 .data.SystemCoreClock
                0x20000088        0x4 ./Core/Src/system_stm32f0xx.o
                0x20000088                SystemCoreClock
 .data.uwTickPrio
                0x2000008c        0x4 ./Drivers/STM32F0xx_HAL_Driver/Src/stm32f0xx_hal.o
                0x2000008c                uwTickPrio
 .data.uwTickFreq
                0x20000090        0x1 ./Drivers/STM32F0xx_HAL_Driver/Src/stm32f0xx_hal.o
                0x20000090                uwTickFreq
 *fill*         0x20000091        0x3 
 .data.USBD_CDC_DeviceQualifierDesc
                0x20000094        0xa ./Middlewares/ST/STM32_USB_Device_Library/Class/CDC/Src/usbd_cdc.o
 *fill*         0x2000009e        0x2 
 .data.USBD_CDC
                0x200000a0       0x38 ./Middlewares/ST/STM32_USB_Device_Library/Class/CDC/Src/usbd_cdc.o
                0x200000a0                USBD_CDC
 .data.USBD_CDC_CfgHSDesc
                0x200000d8       0x43 ./Middlewares/ST/STM32_USB_Device_Library/Class/CDC/Src/usbd_cdc.o
                0x200000d8                USBD_CDC_CfgHSDesc
 *fill*         0x2000011b        0x1 
 .data.USBD_CDC_CfgFSDesc
                0x2000011c       0x43 ./Middlewares/ST/STM32_USB_Device_Library/Class/CDC/Src/usbd_cdc.o
                0x2000011c                USBD_CDC_CfgFSDesc
 *fill*         0x2000015f        0x1 
 .data.USBD_CDC_OtherSpeedCfgDesc
                0x20000160       0x43 ./Middlewares/ST/STM32_USB_Device_Library/Class/CDC/Src/usbd_cdc.o
                0x20000160                USBD_CDC_OtherSpeedCfgDesc
 *fill*         0x200001a3        0x1 
 .data.USBD_Interface_fops_FS
                0x200001a4       0x10 ./USB_DEVICE/App/usbd_cdc_if.o
                0x200001a4                USBD_Interface_fops_FS
 .data.FS_Desc  0x200001b4       0x1c ./USB_DEVICE/App/usbd_desc.o
                0x200001b4                FS_Desc
 .data.USBD_FS_DeviceDesc
                0x200001d0       0x12 ./USB_DEVICE/App/usbd_desc.o
                0x200001d0                USBD_FS_DeviceDesc
 *fill*         0x200001e2        0x2 
 .data.USBD_LangIDDesc
                0x200001e4        0x4 ./USB_DEVICE/App/usbd_desc.o
                0x200001e4                USBD_LangIDDesc
 .data.USBD_StringSerial
                0x200001e8       0x1a ./USB_DEVICE/App/usbd_desc.o
                0x200001e8                USBD_StringSerial
 *fill*         0x20000202        0x2 
 .data._impure_ptr
                0x20000204        0x4 C:/ST/STM32CubeIDE_1.19.0/STM32CubeIDE/plugins/com.st.stm32cube.ide.mcu.externaltools.gnu-tools-for-stm32.13.3.rel1.win32_1.0.0.202411081344/tools/bin/../lib/gcc/arm-none-eabi/13.3.1/../../../../arm-none-eabi/lib/thumb/v6-m/nofp\libc_nano.a(libc_a-impure.o)
                0x20000204                _impure_ptr
 .data._impure_data
                0x20000208       0x4c C:/ST/STM32CubeIDE_1.19.0/STM32CubeIDE/plugins/com.st.stm32cube.ide.mcu.externaltools.gnu-tools-for-stm32.13.3.rel1.win32_1.0.0.202411081344/tools/bin/../lib/gcc/arm-none-eabi/13.3.1/../../../../arm-none-eabi/lib/thumb/v6-m/nofp\libc_nano.a(libc_a-impure.o)
                0x20000208                _impure_data
 *(.RamFunc)
 *(.RamFunc*)
                0x20000254                        . = ALIGN (0x4)
                0x20000254                        _edata = .

.igot.plt       0x20000254        0x0 load address 0x0800aabc
 .igot.plt      0x20000254        0x0 C:/ST/STM32CubeIDE_1.19.0/STM32CubeIDE/plugins/com.st.stm32cube.ide.mcu.externaltools.gnu-tools-for-stm32.13.3.rel1.win32_1.0.0.202411081344/tools/bin/../lib/gcc/arm-none-eabi/13.3.1/thumb/v6-m/nofp/crtbegin.o
                0x20000254                        . = ALIGN (0x4)

.bss            0x20000254     0x2fa8 load address 0x0800aabc
                0x20000254                        _sbss = .
                0x20000254                        __bss_start__ = _sbss
 *(.bss)
 .bss           0x20000254       0x1c C:/ST/STM32CubeIDE_1.19.0/STM32CubeIDE/plugins/com.st.stm32cube.ide.mcu.externaltools.gnu-tools-for-stm32.13.3.rel1.win32_1.0.0.202411081344/tools/bin/../lib/gcc/arm-none-eabi/13.3.1/thumb/v6-m/nofp/crtbegin.o
 *(.bss*)
 .bss.can_status
                0x20000270        0x1 ./Core/Src/CAN_Buffer.o
                0x20000270                can_status
 *fill*         0x20000271        0x3 
 .bss.sFilterConfig.0
                0x20000274       0x28 ./Core/Src/CAN_Filter.o
 .bss.canRxQueue
                0x2000029c      0x120 ./Core/Src/PollingRoutine.o
                0x2000029c                canRxQueue
 .bss.canTxQueue
                0x200003bc      0x100 ./Core/Src/PollingRoutine.o
                0x200003bc                canTxQueue
 .bss.usbRxQueue
                0x200004bc      0xc00 ./Core/Src/PollingRoutine.o
                0x200004bc                usbRxQueue
 .bss.usbTxQueue
                0x200010bc      0xc00 ./Core/Src/PollingRoutine.o
                0x200010bc                usbTxQueue
 .bss.timerCallback
                0x20001cbc      0x204 ./Core/Src/TimerCallback.o
                0x20001cbc                timerCallback
 .bss.hcan      0x20001ec0       0x28 ./Core/Src/main.o
                0x20001ec0                hcan
 .bss.__sbrk_heap_end
                0x20001ee8        0x4 ./Core/Src/sysmem.o
 .bss.uwTick    0x20001eec        0x4 ./Drivers/STM32F0xx_HAL_Driver/Src/stm32f0xx_hal.o
                0x20001eec                uwTick
 .bss.cfgidx.0  0x20001ef0        0x1 ./Middlewares/ST/STM32_USB_Device_Library/Core/Src/usbd_ctlreq.o
 *fill*         0x20001ef1        0x3 
 .bss.hUsbDeviceFS
                0x20001ef4      0x2c4 ./USB_DEVICE/App/usb_device.o
                0x20001ef4                hUsbDeviceFS
 .bss.UserRxBufferFS
                0x200021b8      0x400 ./USB_DEVICE/App/usbd_cdc_if.o
                0x200021b8                UserRxBufferFS
 .bss.UserTxBufferFS
                0x200025b8      0x400 ./USB_DEVICE/App/usbd_cdc_if.o
                0x200025b8                UserTxBufferFS
 .bss.USBD_StrDesc
                0x200029b8      0x200 ./USB_DEVICE/App/usbd_desc.o
                0x200029b8                USBD_StrDesc
 .bss.hpcd_USB_FS
                0x20002bb8      0x2dc ./USB_DEVICE/Target/usbd_conf.o
                0x20002bb8                hpcd_USB_FS
 .bss.mem.0     0x20002e94      0x220 ./USB_DEVICE/Target/usbd_conf.o
 .bss.__sf      0x200030b4      0x138 C:/ST/STM32CubeIDE_1.19.0/STM32CubeIDE/plugins/com.st.stm32cube.ide.mcu.externaltools.gnu-tools-for-stm32.13.3.rel1.win32_1.0.0.202411081344/tools/bin/../lib/gcc/arm-none-eabi/13.3.1/../../../../arm-none-eabi/lib/thumb/v6-m/nofp\libc_nano.a(libc_a-findfp.o)
                0x200030b4                __sf
 .bss.errno     0x200031ec        0x4 C:/ST/STM32CubeIDE_1.19.0/STM32CubeIDE/plugins/com.st.stm32cube.ide.mcu.externaltools.gnu-tools-for-stm32.13.3.rel1.win32_1.0.0.202411081344/tools/bin/../lib/gcc/arm-none-eabi/13.3.1/../../../../arm-none-eabi/lib/thumb/v6-m/nofp\libc_nano.a(libc_a-reent.o)
                0x200031ec                errno
 .bss.__lock___malloc_recursive_mutex
                0x200031f0        0x1 C:/ST/STM32CubeIDE_1.19.0/STM32CubeIDE/plugins/com.st.stm32cube.ide.mcu.externaltools.gnu-tools-for-stm32.13.3.rel1.win32_1.0.0.202411081344/tools/bin/../lib/gcc/arm-none-eabi/13.3.1/../../../../arm-none-eabi/lib/thumb/v6-m/nofp\libc_nano.a(libc_a-lock.o)
                0x200031f0                __lock___malloc_recursive_mutex
 *fill*         0x200031f1        0x3 
 .bss.__malloc_sbrk_start
                0x200031f4        0x4 C:/ST/STM32CubeIDE_1.19.0/STM32CubeIDE/plugins/com.st.stm32cube.ide.mcu.externaltools.gnu-tools-for-stm32.13.3.rel1.win32_1.0.0.202411081344/tools/bin/../lib/gcc/arm-none-eabi/13.3.1/../../../../arm-none-eabi/lib/thumb/v6-m/nofp\libc_nano.a(libc_a-mallocr.o)
                0x200031f4                __malloc_sbrk_start
 .bss.__malloc_free_list
                0x200031f8        0x4 C:/ST/STM32CubeIDE_1.19.0/STM32CubeIDE/plugins/com.st.stm32cube.ide.mcu.externaltools.gnu-tools-for-stm32.13.3.rel1.win32_1.0.0.202411081344/tools/bin/../lib/gcc/arm-none-eabi/13.3.1/../../../../arm-none-eabi/lib/thumb/v6-m/nofp\libc_nano.a(libc_a-mallocr.o)
                0x200031f8                __malloc_free_list
 *(COMMON)
                0x200031fc                        . = ALIGN (0x4)
                0x200031fc                        _ebss = .
                0x200031fc                        __bss_end__ = _ebss

._user_heap_stack
                0x200031fc      0x604 load address 0x0800aabc
                0x20003200                        . = ALIGN (0x8)
 *fill*         0x200031fc        0x4 
                [!provide]                        PROVIDE (end = .)
                0x20003200                        PROVIDE (_end = .)
                0x20003400                        . = (. + _Min_Heap_Size)
 *fill*         0x20003200      0x200 
                0x20003800                        . = (. + _Min_Stack_Size)
 *fill*         0x20003400      0x400 
                0x20003800                        . = ALIGN (0x8)

/DISCARD/
 libc.a(*)
 libm.a(*)
 libgcc.a(*)

.ARM.attributes
                0x00000000       0x28
 *(.ARM.attributes)
 .ARM.attributes
                0x00000000       0x1e C:/ST/STM32CubeIDE_1.19.0/STM32CubeIDE/plugins/com.st.stm32cube.ide.mcu.externaltools.gnu-tools-for-stm32.13.3.rel1.win32_1.0.0.202411081344/tools/bin/../lib/gcc/arm-none-eabi/13.3.1/thumb/v6-m/nofp/crti.o
 .ARM.attributes
                0x0000001e       0x2c C:/ST/STM32CubeIDE_1.19.0/STM32CubeIDE/plugins/com.st.stm32cube.ide.mcu.externaltools.gnu-tools-for-stm32.13.3.rel1.win32_1.0.0.202411081344/tools/bin/../lib/gcc/arm-none-eabi/13.3.1/thumb/v6-m/nofp/crtbegin.o
 .ARM.attributes
                0x0000004a       0x2c ./Core/Src/CAN_Buffer.o
 .ARM.attributes
                0x00000076       0x2c ./Core/Src/CAN_Filter.o
 .ARM.attributes
                0x000000a2       0x2c ./Core/Src/CAN_Mode.o
 .ARM.attributes
                0x000000ce       0x2c ./Core/Src/GPIO_Handler.o
 .ARM.attributes
                0x000000fa       0x2c ./Core/Src/IRQ_Handler.o
 .ARM.attributes
                0x00000126       0x2c ./Core/Src/PollingRoutine.o
 .ARM.attributes
                0x00000152       0x2c ./Core/Src/RingBuffer.o
 .ARM.attributes
                0x0000017e       0x2c ./Core/Src/TimerCallback.o
 .ARM.attributes
                0x000001aa       0x2c ./Core/Src/USB_Buffer.o
 .ARM.attributes
                0x000001d6       0x2c ./Core/Src/UsbAndCanConvert.o
 .ARM.attributes
                0x00000202       0x2c ./Core/Src/main.o
 .ARM.attributes
                0x0000022e       0x2c ./Core/Src/stm32f0xx_hal_msp.o
 .ARM.attributes
                0x0000025a       0x2c ./Core/Src/stm32f0xx_it.o
 .ARM.attributes
                0x00000286       0x2c ./Core/Src/sysmem.o
 .ARM.attributes
                0x000002b2       0x2c ./Core/Src/system_stm32f0xx.o
 .ARM.attributes
                0x000002de       0x21 ./Core/Startup/startup_stm32f072c8tx.o
 .ARM.attributes
                0x000002ff       0x2c ./Drivers/STM32F0xx_HAL_Driver/Src/stm32f0xx_hal.o
 .ARM.attributes
                0x0000032b       0x2c ./Drivers/STM32F0xx_HAL_Driver/Src/stm32f0xx_hal_can.o
 .ARM.attributes
                0x00000357       0x2c ./Drivers/STM32F0xx_HAL_Driver/Src/stm32f0xx_hal_cortex.o
 .ARM.attributes
                0x00000383       0x2c ./Drivers/STM32F0xx_HAL_Driver/Src/stm32f0xx_hal_gpio.o
 .ARM.attributes
                0x000003af       0x2c ./Drivers/STM32F0xx_HAL_Driver/Src/stm32f0xx_hal_pcd.o
 .ARM.attributes
                0x000003db       0x2c ./Drivers/STM32F0xx_HAL_Driver/Src/stm32f0xx_hal_pcd_ex.o
 .ARM.attributes
                0x00000407       0x2c ./Drivers/STM32F0xx_HAL_Driver/Src/stm32f0xx_hal_rcc.o
 .ARM.attributes
                0x00000433       0x2c ./Drivers/STM32F0xx_HAL_Driver/Src/stm32f0xx_hal_rcc_ex.o
 .ARM.attributes
                0x0000045f       0x2c ./Drivers/STM32F0xx_HAL_Driver/Src/stm32f0xx_ll_usb.o
 .ARM.attributes
                0x0000048b       0x2c ./Middlewares/ST/STM32_USB_Device_Library/Class/CDC/Src/usbd_cdc.o
 .ARM.attributes
                0x000004b7       0x2c ./Middlewares/ST/STM32_USB_Device_Library/Core/Src/usbd_core.o
 .ARM.attributes
                0x000004e3       0x2c ./Middlewares/ST/STM32_USB_Device_Library/Core/Src/usbd_ctlreq.o
 .ARM.attributes
                0x0000050f       0x2c ./Middlewares/ST/STM32_USB_Device_Library/Core/Src/usbd_ioreq.o
 .ARM.attributes
                0x0000053b       0x2c ./USB_DEVICE/App/usb_device.o
 .ARM.attributes
                0x00000567       0x2c ./USB_DEVICE/App/usbd_cdc_if.o
 .ARM.attributes
                0x00000593       0x2c ./USB_DEVICE/App/usbd_desc.o
 .ARM.attributes
                0x000005bf       0x2c ./USB_DEVICE/Target/usbd_conf.o
 .ARM.attributes
                0x000005eb       0x2c C:/ST/STM32CubeIDE_1.19.0/STM32CubeIDE/plugins/com.st.stm32cube.ide.mcu.externaltools.gnu-tools-for-stm32.13.3.rel1.win32_1.0.0.202411081344/tools/bin/../lib/gcc/arm-none-eabi/13.3.1/../../../../arm-none-eabi/lib/thumb/v6-m/nofp\libc_nano.a(libc_a-findfp.o)
 .ARM.attributes
                0x00000617       0x2c C:/ST/STM32CubeIDE_1.19.0/STM32CubeIDE/plugins/com.st.stm32cube.ide.mcu.externaltools.gnu-tools-for-stm32.13.3.rel1.win32_1.0.0.202411081344/tools/bin/../lib/gcc/arm-none-eabi/13.3.1/../../../../arm-none-eabi/lib/thumb/v6-m/nofp\libc_nano.a(libc_a-sprintf.o)
 .ARM.attributes
                0x00000643       0x2c C:/ST/STM32CubeIDE_1.19.0/STM32CubeIDE/plugins/com.st.stm32cube.ide.mcu.externaltools.gnu-tools-for-stm32.13.3.rel1.win32_1.0.0.202411081344/tools/bin/../lib/gcc/arm-none-eabi/13.3.1/../../../../arm-none-eabi/lib/thumb/v6-m/nofp\libc_nano.a(libc_a-memset.o)
 .ARM.attributes
                0x0000066f       0x2c C:/ST/STM32CubeIDE_1.19.0/STM32CubeIDE/plugins/com.st.stm32cube.ide.mcu.externaltools.gnu-tools-for-stm32.13.3.rel1.win32_1.0.0.202411081344/tools/bin/../lib/gcc/arm-none-eabi/13.3.1/../../../../arm-none-eabi/lib/thumb/v6-m/nofp\libc_nano.a(libc_a-reent.o)
 .ARM.attributes
                0x0000069b       0x2c C:/ST/STM32CubeIDE_1.19.0/STM32CubeIDE/plugins/com.st.stm32cube.ide.mcu.externaltools.gnu-tools-for-stm32.13.3.rel1.win32_1.0.0.202411081344/tools/bin/../lib/gcc/arm-none-eabi/13.3.1/../../../../arm-none-eabi/lib/thumb/v6-m/nofp\libc_nano.a(libc_a-impure.o)
 .ARM.attributes
                0x000006c7       0x2c C:/ST/STM32CubeIDE_1.19.0/STM32CubeIDE/plugins/com.st.stm32cube.ide.mcu.externaltools.gnu-tools-for-stm32.13.3.rel1.win32_1.0.0.202411081344/tools/bin/../lib/gcc/arm-none-eabi/13.3.1/../../../../arm-none-eabi/lib/thumb/v6-m/nofp\libc_nano.a(libc_a-errno.o)
 .ARM.attributes
                0x000006f3       0x2c C:/ST/STM32CubeIDE_1.19.0/STM32CubeIDE/plugins/com.st.stm32cube.ide.mcu.externaltools.gnu-tools-for-stm32.13.3.rel1.win32_1.0.0.202411081344/tools/bin/../lib/gcc/arm-none-eabi/13.3.1/../../../../arm-none-eabi/lib/thumb/v6-m/nofp\libc_nano.a(libc_a-init.o)
 .ARM.attributes
                0x0000071f       0x2c C:/ST/STM32CubeIDE_1.19.0/STM32CubeIDE/plugins/com.st.stm32cube.ide.mcu.externaltools.gnu-tools-for-stm32.13.3.rel1.win32_1.0.0.202411081344/tools/bin/../lib/gcc/arm-none-eabi/13.3.1/../../../../arm-none-eabi/lib/thumb/v6-m/nofp\libc_nano.a(libc_a-lock.o)
 .ARM.attributes
                0x0000074b       0x2c C:/ST/STM32CubeIDE_1.19.0/STM32CubeIDE/plugins/com.st.stm32cube.ide.mcu.externaltools.gnu-tools-for-stm32.13.3.rel1.win32_1.0.0.202411081344/tools/bin/../lib/gcc/arm-none-eabi/13.3.1/../../../../arm-none-eabi/lib/thumb/v6-m/nofp\libc_nano.a(libc_a-memcpy-stub.o)
 .ARM.attributes
                0x00000777       0x1c C:/ST/STM32CubeIDE_1.19.0/STM32CubeIDE/plugins/com.st.stm32cube.ide.mcu.externaltools.gnu-tools-for-stm32.13.3.rel1.win32_1.0.0.202411081344/tools/bin/../lib/gcc/arm-none-eabi/13.3.1/../../../../arm-none-eabi/lib/thumb/v6-m/nofp\libc_nano.a(libc_a-strlen.o)
 .ARM.attributes
                0x00000793       0x2c C:/ST/STM32CubeIDE_1.19.0/STM32CubeIDE/plugins/com.st.stm32cube.ide.mcu.externaltools.gnu-tools-for-stm32.13.3.rel1.win32_1.0.0.202411081344/tools/bin/../lib/gcc/arm-none-eabi/13.3.1/../../../../arm-none-eabi/lib/thumb/v6-m/nofp\libc_nano.a(libc_a-freer.o)
 .ARM.attributes
                0x000007bf       0x2c C:/ST/STM32CubeIDE_1.19.0/STM32CubeIDE/plugins/com.st.stm32cube.ide.mcu.externaltools.gnu-tools-for-stm32.13.3.rel1.win32_1.0.0.202411081344/tools/bin/../lib/gcc/arm-none-eabi/13.3.1/../../../../arm-none-eabi/lib/thumb/v6-m/nofp\libc_nano.a(libc_a-mallocr.o)
 .ARM.attributes
                0x000007eb       0x2c C:/ST/STM32CubeIDE_1.19.0/STM32CubeIDE/plugins/com.st.stm32cube.ide.mcu.externaltools.gnu-tools-for-stm32.13.3.rel1.win32_1.0.0.202411081344/tools/bin/../lib/gcc/arm-none-eabi/13.3.1/../../../../arm-none-eabi/lib/thumb/v6-m/nofp\libc_nano.a(libc_a-mlock.o)
 .ARM.attributes
                0x00000817       0x2c C:/ST/STM32CubeIDE_1.19.0/STM32CubeIDE/plugins/com.st.stm32cube.ide.mcu.externaltools.gnu-tools-for-stm32.13.3.rel1.win32_1.0.0.202411081344/tools/bin/../lib/gcc/arm-none-eabi/13.3.1/../../../../arm-none-eabi/lib/thumb/v6-m/nofp\libc_nano.a(libc_a-nano-svfprintf.o)
 .ARM.attributes
                0x00000843       0x2c C:/ST/STM32CubeIDE_1.19.0/STM32CubeIDE/plugins/com.st.stm32cube.ide.mcu.externaltools.gnu-tools-for-stm32.13.3.rel1.win32_1.0.0.202411081344/tools/bin/../lib/gcc/arm-none-eabi/13.3.1/../../../../arm-none-eabi/lib/thumb/v6-m/nofp\libc_nano.a(libc_a-nano-vfprintf_i.o)
 .ARM.attributes
                0x0000086f       0x2c C:/ST/STM32CubeIDE_1.19.0/STM32CubeIDE/plugins/com.st.stm32cube.ide.mcu.externaltools.gnu-tools-for-stm32.13.3.rel1.win32_1.0.0.202411081344/tools/bin/../lib/gcc/arm-none-eabi/13.3.1/../../../../arm-none-eabi/lib/thumb/v6-m/nofp\libc_nano.a(libc_a-memmove.o)
 .ARM.attributes
                0x0000089b       0x2c C:/ST/STM32CubeIDE_1.19.0/STM32CubeIDE/plugins/com.st.stm32cube.ide.mcu.externaltools.gnu-tools-for-stm32.13.3.rel1.win32_1.0.0.202411081344/tools/bin/../lib/gcc/arm-none-eabi/13.3.1/../../../../arm-none-eabi/lib/thumb/v6-m/nofp\libc_nano.a(libc_a-sbrkr.o)
 .ARM.attributes
                0x000008c7       0x2c C:/ST/STM32CubeIDE_1.19.0/STM32CubeIDE/plugins/com.st.stm32cube.ide.mcu.externaltools.gnu-tools-for-stm32.13.3.rel1.win32_1.0.0.202411081344/tools/bin/../lib/gcc/arm-none-eabi/13.3.1/../../../../arm-none-eabi/lib/thumb/v6-m/nofp\libc_nano.a(libc_a-memchr-stub.o)
 .ARM.attributes
                0x000008f3       0x2c C:/ST/STM32CubeIDE_1.19.0/STM32CubeIDE/plugins/com.st.stm32cube.ide.mcu.externaltools.gnu-tools-for-stm32.13.3.rel1.win32_1.0.0.202411081344/tools/bin/../lib/gcc/arm-none-eabi/13.3.1/../../../../arm-none-eabi/lib/thumb/v6-m/nofp\libc_nano.a(libc_a-reallocr.o)
 .ARM.attributes
                0x0000091f       0x2c C:/ST/STM32CubeIDE_1.19.0/STM32CubeIDE/plugins/com.st.stm32cube.ide.mcu.externaltools.gnu-tools-for-stm32.13.3.rel1.win32_1.0.0.202411081344/tools/bin/../lib/gcc/arm-none-eabi/13.3.1/../../../../arm-none-eabi/lib/thumb/v6-m/nofp\libc_nano.a(libc_a-msizer.o)
 .ARM.attributes
                0x0000094b       0x1e C:/ST/STM32CubeIDE_1.19.0/STM32CubeIDE/plugins/com.st.stm32cube.ide.mcu.externaltools.gnu-tools-for-stm32.13.3.rel1.win32_1.0.0.202411081344/tools/bin/../lib/gcc/arm-none-eabi/13.3.1/thumb/v6-m/nofp\libgcc.a(_thumb1_case_shi.o)
 .ARM.attributes
                0x00000969       0x1e C:/ST/STM32CubeIDE_1.19.0/STM32CubeIDE/plugins/com.st.stm32cube.ide.mcu.externaltools.gnu-tools-for-stm32.13.3.rel1.win32_1.0.0.202411081344/tools/bin/../lib/gcc/arm-none-eabi/13.3.1/thumb/v6-m/nofp\libgcc.a(_udivsi3.o)
 .ARM.attributes
                0x00000987       0x1e C:/ST/STM32CubeIDE_1.19.0/STM32CubeIDE/plugins/com.st.stm32cube.ide.mcu.externaltools.gnu-tools-for-stm32.13.3.rel1.win32_1.0.0.202411081344/tools/bin/../lib/gcc/arm-none-eabi/13.3.1/thumb/v6-m/nofp\libgcc.a(_dvmd_tls.o)
 .ARM.attributes
                0x000009a5       0x1e C:/ST/STM32CubeIDE_1.19.0/STM32CubeIDE/plugins/com.st.stm32cube.ide.mcu.externaltools.gnu-tools-for-stm32.13.3.rel1.win32_1.0.0.202411081344/tools/bin/../lib/gcc/arm-none-eabi/13.3.1/thumb/v6-m/nofp/crtn.o
OUTPUT(CANable_STM32F072C8.elf elf32-littlearm)
LOAD linker stubs
LOAD C:/ST/STM32CubeIDE_1.19.0/STM32CubeIDE/plugins/com.st.stm32cube.ide.mcu.externaltools.gnu-tools-for-stm32.13.3.rel1.win32_1.0.0.202411081344/tools/bin/../lib/gcc/arm-none-eabi/13.3.1/../../../../arm-none-eabi/lib/thumb/v6-m/nofp\libc.a
LOAD C:/ST/STM32CubeIDE_1.19.0/STM32CubeIDE/plugins/com.st.stm32cube.ide.mcu.externaltools.gnu-tools-for-stm32.13.3.rel1.win32_1.0.0.202411081344/tools/bin/../lib/gcc/arm-none-eabi/13.3.1/../../../../arm-none-eabi/lib/thumb/v6-m/nofp\libm.a
LOAD C:/ST/STM32CubeIDE_1.19.0/STM32CubeIDE/plugins/com.st.stm32cube.ide.mcu.externaltools.gnu-tools-for-stm32.13.3.rel1.win32_1.0.0.202411081344/tools/bin/../lib/gcc/arm-none-eabi/13.3.1/thumb/v6-m/nofp\libgcc.a

.debug_info     0x00000000    0x124b6
 .debug_info    0x00000000      0x8a1 ./Core/Src/CAN_Buffer.o
 .debug_info    0x000008a1      0x80c ./Core/Src/CAN_Filter.o
 .debug_info    0x000010ad      0x528 ./Core/Src/CAN_Mode.o
 .debug_info    0x000015d5      0x252 ./Core/Src/GPIO_Handler.o
 .debug_info    0x00001827      0x949 ./Core/Src/IRQ_Handler.o
 .debug_info    0x00002170      0xdb5 ./Core/Src/PollingRoutine.o
 .debug_info    0x00002f25      0x1c1 ./Core/Src/RingBuffer.o
 .debug_info    0x000030e6      0x879 ./Core/Src/TimerCallback.o
 .debug_info    0x0000395f      0x3c7 ./Core/Src/USB_Buffer.o
 .debug_info    0x00003d26      0xa44 ./Core/Src/UsbAndCanConvert.o
 .debug_info    0x0000476a      0xa35 ./Core/Src/main.o
 .debug_info    0x0000519f      0x872 ./Core/Src/stm32f0xx_hal_msp.o
 .debug_info    0x00005a11      0xb5d ./Core/Src/stm32f0xx_it.o
 .debug_info    0x0000656e      0x168 ./Core/Src/sysmem.o
 .debug_info    0x000066d6      0x242 ./Core/Src/system_stm32f0xx.o
 .debug_info    0x00006918       0x30 ./Core/Startup/startup_stm32f072c8tx.o
 .debug_info    0x00006948      0x6c9 ./Drivers/STM32F0xx_HAL_Driver/Src/stm32f0xx_hal.o
 .debug_info    0x00007011      0xeb5 ./Drivers/STM32F0xx_HAL_Driver/Src/stm32f0xx_hal_can.o
 .debug_info    0x00007ec6      0x6c5 ./Drivers/STM32F0xx_HAL_Driver/Src/stm32f0xx_hal_cortex.o
 .debug_info    0x0000858b      0x5a6 ./Drivers/STM32F0xx_HAL_Driver/Src/stm32f0xx_hal_gpio.o
 .debug_info    0x00008b31     0x161d ./Drivers/STM32F0xx_HAL_Driver/Src/stm32f0xx_hal_pcd.o
 .debug_info    0x0000a14e      0x80a ./Drivers/STM32F0xx_HAL_Driver/Src/stm32f0xx_hal_pcd_ex.o
 .debug_info    0x0000a958      0x83f ./Drivers/STM32F0xx_HAL_Driver/Src/stm32f0xx_hal_rcc.o
 .debug_info    0x0000b197      0x61c ./Drivers/STM32F0xx_HAL_Driver/Src/stm32f0xx_hal_rcc_ex.o
 .debug_info    0x0000b7b3     0x166d ./Drivers/STM32F0xx_HAL_Driver/Src/stm32f0xx_ll_usb.o
 .debug_info    0x0000ce20     0x1089 ./Middlewares/ST/STM32_USB_Device_Library/Class/CDC/Src/usbd_cdc.o
 .debug_info    0x0000dea9      0xa67 ./Middlewares/ST/STM32_USB_Device_Library/Core/Src/usbd_core.o
 .debug_info    0x0000e910      0x931 ./Middlewares/ST/STM32_USB_Device_Library/Core/Src/usbd_ctlreq.o
 .debug_info    0x0000f241      0x6b5 ./Middlewares/ST/STM32_USB_Device_Library/Core/Src/usbd_ioreq.o
 .debug_info    0x0000f8f6      0x652 ./USB_DEVICE/App/usb_device.o
 .debug_info    0x0000ff48      0x991 ./USB_DEVICE/App/usbd_cdc_if.o
 .debug_info    0x000108d9      0x45f ./USB_DEVICE/App/usbd_desc.o
 .debug_info    0x00010d38     0x177e ./USB_DEVICE/Target/usbd_conf.o

.debug_abbrev   0x00000000     0x3f55
 .debug_abbrev  0x00000000      0x200 ./Core/Src/CAN_Buffer.o
 .debug_abbrev  0x00000200      0x17f ./Core/Src/CAN_Filter.o
 .debug_abbrev  0x0000037f      0x154 ./Core/Src/CAN_Mode.o
 .debug_abbrev  0x000004d3      0x125 ./Core/Src/GPIO_Handler.o
 .debug_abbrev  0x000005f8      0x1d1 ./Core/Src/IRQ_Handler.o
 .debug_abbrev  0x000007c9      0x2bc ./Core/Src/PollingRoutine.o
 .debug_abbrev  0x00000a85       0xd4 ./Core/Src/RingBuffer.o
 .debug_abbrev  0x00000b59      0x207 ./Core/Src/TimerCallback.o
 .debug_abbrev  0x00000d60      0x1af ./Core/Src/USB_Buffer.o
 .debug_abbrev  0x00000f0f      0x213 ./Core/Src/UsbAndCanConvert.o
 .debug_abbrev  0x00001122      0x26e ./Core/Src/main.o
 .debug_abbrev  0x00001390      0x1d5 ./Core/Src/stm32f0xx_hal_msp.o
 .debug_abbrev  0x00001565      0x1cf ./Core/Src/stm32f0xx_it.o
 .debug_abbrev  0x00001734       0xbc ./Core/Src/sysmem.o
 .debug_abbrev  0x000017f0      0x11c ./Core/Src/system_stm32f0xx.o
 .debug_abbrev  0x0000190c       0x24 ./Core/Startup/startup_stm32f072c8tx.o
 .debug_abbrev  0x00001930      0x213 ./Drivers/STM32F0xx_HAL_Driver/Src/stm32f0xx_hal.o
 .debug_abbrev  0x00001b43      0x1c3 ./Drivers/STM32F0xx_HAL_Driver/Src/stm32f0xx_hal_can.o
 .debug_abbrev  0x00001d06      0x28c ./Drivers/STM32F0xx_HAL_Driver/Src/stm32f0xx_hal_cortex.o
 .debug_abbrev  0x00001f92      0x1cb ./Drivers/STM32F0xx_HAL_Driver/Src/stm32f0xx_hal_gpio.o
 .debug_abbrev  0x0000215d      0x2b9 ./Drivers/STM32F0xx_HAL_Driver/Src/stm32f0xx_hal_pcd.o
 .debug_abbrev  0x00002416      0x228 ./Drivers/STM32F0xx_HAL_Driver/Src/stm32f0xx_hal_pcd_ex.o
 .debug_abbrev  0x0000263e      0x28c ./Drivers/STM32F0xx_HAL_Driver/Src/stm32f0xx_hal_rcc.o
 .debug_abbrev  0x000028ca      0x1a6 ./Drivers/STM32F0xx_HAL_Driver/Src/stm32f0xx_hal_rcc_ex.o
 .debug_abbrev  0x00002a70      0x247 ./Drivers/STM32F0xx_HAL_Driver/Src/stm32f0xx_ll_usb.o
 .debug_abbrev  0x00002cb7      0x2d3 ./Middlewares/ST/STM32_USB_Device_Library/Class/CDC/Src/usbd_cdc.o
 .debug_abbrev  0x00002f8a      0x24a ./Middlewares/ST/STM32_USB_Device_Library/Core/Src/usbd_core.o
 .debug_abbrev  0x000031d4      0x26b ./Middlewares/ST/STM32_USB_Device_Library/Core/Src/usbd_ctlreq.o
 .debug_abbrev  0x0000343f      0x192 ./Middlewares/ST/STM32_USB_Device_Library/Core/Src/usbd_ioreq.o
 .debug_abbrev  0x000035d1      0x18d ./USB_DEVICE/App/usb_device.o
 .debug_abbrev  0x0000375e      0x2b7 ./USB_DEVICE/App/usbd_cdc_if.o
 .debug_abbrev  0x00003a15      0x1ff ./USB_DEVICE/App/usbd_desc.o
 .debug_abbrev  0x00003c14      0x341 ./USB_DEVICE/Target/usbd_conf.o

.debug_aranges  0x00000000      0xe48
 .debug_aranges
                0x00000000       0x48 ./Core/Src/CAN_Buffer.o
 .debug_aranges
                0x00000048       0x20 ./Core/Src/CAN_Filter.o
 .debug_aranges
                0x00000068       0x20 ./Core/Src/CAN_Mode.o
 .debug_aranges
                0x00000088       0x48 ./Core/Src/GPIO_Handler.o
 .debug_aranges
                0x000000d0       0x28 ./Core/Src/IRQ_Handler.o
 .debug_aranges
                0x000000f8       0x58 ./Core/Src/PollingRoutine.o
 .debug_aranges
                0x00000150       0x30 ./Core/Src/RingBuffer.o
 .debug_aranges
                0x00000180       0xd0 ./Core/Src/TimerCallback.o
 .debug_aranges
                0x00000250       0x38 ./Core/Src/USB_Buffer.o
 .debug_aranges
                0x00000288       0x28 ./Core/Src/UsbAndCanConvert.o
 .debug_aranges
                0x000002b0       0x40 ./Core/Src/main.o
 .debug_aranges
                0x000002f0       0x30 ./Core/Src/stm32f0xx_hal_msp.o
 .debug_aranges
                0x00000320       0x50 ./Core/Src/stm32f0xx_it.o
 .debug_aranges
                0x00000370       0x20 ./Core/Src/sysmem.o
 .debug_aranges
                0x00000390       0x28 ./Core/Src/system_stm32f0xx.o
 .debug_aranges
                0x000003b8       0x28 ./Core/Startup/startup_stm32f072c8tx.o
 .debug_aranges
                0x000003e0       0xd0 ./Drivers/STM32F0xx_HAL_Driver/Src/stm32f0xx_hal.o
 .debug_aranges
                0x000004b0      0x138 ./Drivers/STM32F0xx_HAL_Driver/Src/stm32f0xx_hal_can.o
 .debug_aranges
                0x000005e8       0xc0 ./Drivers/STM32F0xx_HAL_Driver/Src/stm32f0xx_hal_cortex.o
 .debug_aranges
                0x000006a8       0x58 ./Drivers/STM32F0xx_HAL_Driver/Src/stm32f0xx_hal_gpio.o
 .debug_aranges
                0x00000700      0x138 ./Drivers/STM32F0xx_HAL_Driver/Src/stm32f0xx_hal_pcd.o
 .debug_aranges
                0x00000838       0x58 ./Drivers/STM32F0xx_HAL_Driver/Src/stm32f0xx_hal_pcd_ex.o
 .debug_aranges
                0x00000890       0x80 ./Drivers/STM32F0xx_HAL_Driver/Src/stm32f0xx_hal_rcc.o
 .debug_aranges
                0x00000910       0x78 ./Drivers/STM32F0xx_HAL_Driver/Src/stm32f0xx_hal_rcc_ex.o
 .debug_aranges
                0x00000988       0xc8 ./Drivers/STM32F0xx_HAL_Driver/Src/stm32f0xx_ll_usb.o
 .debug_aranges
                0x00000a50       0x90 ./Middlewares/ST/STM32_USB_Device_Library/Class/CDC/Src/usbd_cdc.o
 .debug_aranges
                0x00000ae0       0xb8 ./Middlewares/ST/STM32_USB_Device_Library/Core/Src/usbd_core.o
 .debug_aranges
                0x00000b98       0x88 ./Middlewares/ST/STM32_USB_Device_Library/Core/Src/usbd_ctlreq.o
 .debug_aranges
                0x00000c20       0x50 ./Middlewares/ST/STM32_USB_Device_Library/Core/Src/usbd_ioreq.o
 .debug_aranges
                0x00000c70       0x20 ./USB_DEVICE/App/usb_device.o
 .debug_aranges
                0x00000c90       0x40 ./USB_DEVICE/App/usbd_cdc_if.o
 .debug_aranges
                0x00000cd0       0x60 ./USB_DEVICE/App/usbd_desc.o
 .debug_aranges
                0x00000d30      0x118 ./USB_DEVICE/Target/usbd_conf.o

.debug_rnglists
                0x00000000      0xa66
 .debug_rnglists
                0x00000000       0x32 ./Core/Src/CAN_Buffer.o
 .debug_rnglists
                0x00000032       0x14 ./Core/Src/CAN_Filter.o
 .debug_rnglists
                0x00000046       0x14 ./Core/Src/CAN_Mode.o
 .debug_rnglists
                0x0000005a       0x31 ./Core/Src/GPIO_Handler.o
 .debug_rnglists
                0x0000008b       0x19 ./Core/Src/IRQ_Handler.o
 .debug_rnglists
                0x000000a4       0x41 ./Core/Src/PollingRoutine.o
 .debug_rnglists
                0x000000e5       0x20 ./Core/Src/RingBuffer.o
 .debug_rnglists
                0x00000105       0xa0 ./Core/Src/TimerCallback.o
 .debug_rnglists
                0x000001a5       0x27 ./Core/Src/USB_Buffer.o
 .debug_rnglists
                0x000001cc       0x1b ./Core/Src/UsbAndCanConvert.o
 .debug_rnglists
                0x000001e7       0x2d ./Core/Src/main.o
 .debug_rnglists
                0x00000214       0x20 ./Core/Src/stm32f0xx_hal_msp.o
 .debug_rnglists
                0x00000234       0x37 ./Core/Src/stm32f0xx_it.o
 .debug_rnglists
                0x0000026b       0x13 ./Core/Src/sysmem.o
 .debug_rnglists
                0x0000027e       0x1a ./Core/Src/system_stm32f0xx.o
 .debug_rnglists
                0x00000298       0x19 ./Core/Startup/startup_stm32f072c8tx.o
 .debug_rnglists
                0x000002b1       0x97 ./Drivers/STM32F0xx_HAL_Driver/Src/stm32f0xx_hal.o
 .debug_rnglists
                0x00000348       0xee ./Drivers/STM32F0xx_HAL_Driver/Src/stm32f0xx_hal_can.o
 .debug_rnglists
                0x00000436       0x8c ./Drivers/STM32F0xx_HAL_Driver/Src/stm32f0xx_hal_cortex.o
 .debug_rnglists
                0x000004c2       0x3f ./Drivers/STM32F0xx_HAL_Driver/Src/stm32f0xx_hal_gpio.o
 .debug_rnglists
                0x00000501       0xee ./Drivers/STM32F0xx_HAL_Driver/Src/stm32f0xx_hal_pcd.o
 .debug_rnglists
                0x000005ef       0x3f ./Drivers/STM32F0xx_HAL_Driver/Src/stm32f0xx_hal_pcd_ex.o
 .debug_rnglists
                0x0000062e       0x61 ./Drivers/STM32F0xx_HAL_Driver/Src/stm32f0xx_hal_rcc.o
 .debug_rnglists
                0x0000068f       0x5b ./Drivers/STM32F0xx_HAL_Driver/Src/stm32f0xx_hal_rcc_ex.o
 .debug_rnglists
                0x000006ea       0x99 ./Drivers/STM32F0xx_HAL_Driver/Src/stm32f0xx_ll_usb.o
 .debug_rnglists
                0x00000783       0x6b ./Middlewares/ST/STM32_USB_Device_Library/Class/CDC/Src/usbd_cdc.o
 .debug_rnglists
                0x000007ee       0x89 ./Middlewares/ST/STM32_USB_Device_Library/Core/Src/usbd_core.o
 .debug_rnglists
                0x00000877       0x68 ./Middlewares/ST/STM32_USB_Device_Library/Core/Src/usbd_ctlreq.o
 .debug_rnglists
                0x000008df       0x37 ./Middlewares/ST/STM32_USB_Device_Library/Core/Src/usbd_ioreq.o
 .debug_rnglists
                0x00000916       0x13 ./USB_DEVICE/App/usb_device.o
 .debug_rnglists
                0x00000929       0x2b ./USB_DEVICE/App/usbd_cdc_if.o
 .debug_rnglists
                0x00000954       0x44 ./USB_DEVICE/App/usbd_desc.o
 .debug_rnglists
                0x00000998       0xce ./USB_DEVICE/Target/usbd_conf.o

.debug_macro    0x00000000    0x1efa4
 .debug_macro   0x00000000      0x3ba ./Core/Src/CAN_Buffer.o
 .debug_macro   0x000003ba      0xab4 ./Core/Src/CAN_Buffer.o
 .debug_macro   0x00000e6e      0x133 ./Core/Src/CAN_Buffer.o
 .debug_macro   0x00000fa1       0x2e ./Core/Src/CAN_Buffer.o
 .debug_macro   0x00000fcf       0x22 ./Core/Src/CAN_Buffer.o
 .debug_macro   0x00000ff1       0x22 ./Core/Src/CAN_Buffer.o
 .debug_macro   0x00001013       0x8e ./Core/Src/CAN_Buffer.o
 .debug_macro   0x000010a1       0x51 ./Core/Src/CAN_Buffer.o
 .debug_macro   0x000010f2      0x103 ./Core/Src/CAN_Buffer.o
 .debug_macro   0x000011f5       0x6a ./Core/Src/CAN_Buffer.o
 .debug_macro   0x0000125f      0x1df ./Core/Src/CAN_Buffer.o
 .debug_macro   0x0000143e       0x1c ./Core/Src/CAN_Buffer.o
 .debug_macro   0x0000145a       0x22 ./Core/Src/CAN_Buffer.o
 .debug_macro   0x0000147c       0xaf ./Core/Src/CAN_Buffer.o
 .debug_macro   0x0000152b      0x391 ./Core/Src/CAN_Buffer.o
 .debug_macro   0x000018bc     0xfe73 ./Core/Src/CAN_Buffer.o
 .debug_macro   0x0001172f       0x66 ./Core/Src/CAN_Buffer.o
 .debug_macro   0x00011795     0x34da ./Core/Src/CAN_Buffer.o
 .debug_macro   0x00014c6f      0x190 ./Core/Src/CAN_Buffer.o
 .debug_macro   0x00014dff       0x55 ./Core/Src/CAN_Buffer.o
 .debug_macro   0x00014e54      0x946 ./Core/Src/CAN_Buffer.o
 .debug_macro   0x0001579a      0x5f3 ./Core/Src/CAN_Buffer.o
 .debug_macro   0x00015d8d      0x1ae ./Core/Src/CAN_Buffer.o
 .debug_macro   0x00015f3b      0x1a7 ./Core/Src/CAN_Buffer.o
 .debug_macro   0x000160e2      0x1a7 ./Core/Src/CAN_Buffer.o
 .debug_macro   0x00016289      0x22c ./Core/Src/CAN_Buffer.o
 .debug_macro   0x000164b5       0x34 ./Core/Src/CAN_Buffer.o
 .debug_macro   0x000164e9       0x43 ./Core/Src/CAN_Buffer.o
 .debug_macro   0x0001652c       0x28 ./Core/Src/CAN_Buffer.o
 .debug_macro   0x00016554      0x408 ./Core/Src/CAN_Buffer.o
 .debug_macro   0x0001695c       0xb0 ./Core/Src/CAN_Buffer.o
 .debug_macro   0x00016a0c      0x217 ./Core/Src/CAN_Buffer.o
 .debug_macro   0x00016c23      0x22c ./Core/Src/CAN_Buffer.o
 .debug_macro   0x00016e4f       0x61 ./Core/Src/CAN_Buffer.o
 .debug_macro   0x00016eb0       0xa5 ./Core/Src/CAN_Buffer.o
 .debug_macro   0x00016f55       0x73 ./Core/Src/CAN_Buffer.o
 .debug_macro   0x00016fc8      0x22d ./Core/Src/CAN_Buffer.o
 .debug_macro   0x000171f5       0x4c ./Core/Src/CAN_Buffer.o
 .debug_macro   0x00017241      0x16d ./Core/Src/CAN_Buffer.o
 .debug_macro   0x000173ae      0x130 ./Core/Src/CAN_Buffer.o
 .debug_macro   0x000174de       0x61 ./Core/Src/CAN_Buffer.o
 .debug_macro   0x0001753f       0x24 ./Core/Src/CAN_Buffer.o