../Core/Src/TimerCallback.c:61:5:TimerCallbackRegisterOnly	24	static
../Core/Src/TimerCallback.c:97:5:TimerCallbackRegister2nd	32	static
../Core/Src/TimerCallback.c:121:5:TimerCallbackRegister2ndDisable	24	static
../Core/Src/TimerCallback.c:143:5:TimerCallbackRegisterStruct	24	static
../Core/Src/TimerCallback.c:184:5:TimerCallbackTimeoutStart	32	static
../Core/Src/TimerCallback.c:219:5:TimerCallbackTimeoutDisable	24	static
../Core/Src/TimerCallback.c:239:5:TimerCallbackTimeoutReset	24	static
../Core/Src/TimerCallback.c:267:5:TimerCallbackRepetitionStart	32	static
../Core/Src/TimerCallback.c:295:5:TimerCallbackRepetitionDisable	24	static
../Core/Src/TimerCallback.c:317:5:TimerCallbackRepetitionResetTimer	24	static
../Core/Src/TimerCallback.c:341:5:TimerCallbackTimerStart	40	static
../Core/Src/TimerCallback.c:360:5:TimerCallbackEventStartCounter	32	static
../Core/Src/TimerCallback.c:388:5:TimerCallbackEventIncCounter	24	static
../Core/Src/TimerCallback.c:414:5:TimerCallbackEventGetCounter	32	static
../Core/Src/TimerCallback.c:438:5:TimerCallbackDisable	24	static
../Core/Src/TimerCallback.c:460:5:TimerCallbackResetTimer	24	static
../Core/Src/TimerCallback.c:483:5:TimerCallbackGetCurrentTimerValue	32	static
../Core/Src/TimerCallback.c:505:5:TimerCallbackExists	24	static
../Core/Src/TimerCallback.c:526:5:TimerCallbackDelete	24	static
../Core/Src/TimerCallback.c:551:6:TimerCallbackTick	24	static
../Core/Src/TimerCallback.c:589:6:TimerCallbackPoll	24	static
../Core/Src/TimerCallback.c:661:13:TimerCallbackSort	24	static
../Core/Src/TimerCallback.c:687:6:TimerCallbackHandlerTick	8	static
