../USB_DEVICE/Target/usbd_conf.c:65:6:HAL_PCD_MspInit	24	static
../USB_DEVICE/Target/usbd_conf.c:84:6:HAL_PCD_MspDeInit	16	static
../USB_DEVICE/Target/usbd_conf.c:111:6:HAL_PCD_SetupStageCallback	16	static
../USB_DEVICE/Target/usbd_conf.c:126:6:HAL_PCD_DataOutStageCallback	24	static
../USB_DEVICE/Target/usbd_conf.c:141:6:HAL_PCD_DataInStageCallback	16	static
../USB_DEVICE/Target/usbd_conf.c:155:6:HAL_PCD_SOFCallback	16	static
../USB_DEVICE/Target/usbd_conf.c:169:6:HAL_PCD_ResetCallback	24	static
../USB_DEVICE/Target/usbd_conf.c:194:6:HAL_PCD_SuspendCallback	16	static
../USB_DEVICE/Target/usbd_conf.c:218:6:HAL_PCD_ResumeCallback	16	static
../USB_DEVICE/Target/usbd_conf.c:241:6:HAL_PCD_ISOOUTIncompleteCallback	16	static
../USB_DEVICE/Target/usbd_conf.c:256:6:HAL_PCD_ISOINIncompleteCallback	16	static
../USB_DEVICE/Target/usbd_conf.c:270:6:HAL_PCD_ConnectCallback	16	static
../USB_DEVICE/Target/usbd_conf.c:284:6:HAL_PCD_DisconnectCallback	16	static
../USB_DEVICE/Target/usbd_conf.c:299:20:USBD_LL_Init	16	static
../USB_DEVICE/Target/usbd_conf.c:350:20:USBD_LL_DeInit	40	static
../USB_DEVICE/Target/usbd_conf.c:367:20:USBD_LL_Start	40	static
../USB_DEVICE/Target/usbd_conf.c:384:20:USBD_LL_Stop	40	static
../USB_DEVICE/Target/usbd_conf.c:404:20:USBD_LL_OpenEP	40	static
../USB_DEVICE/Target/usbd_conf.c:422:20:USBD_LL_CloseEP	40	static
../USB_DEVICE/Target/usbd_conf.c:440:20:USBD_LL_FlushEP	40	static
../USB_DEVICE/Target/usbd_conf.c:458:20:USBD_LL_StallEP	40	static
../USB_DEVICE/Target/usbd_conf.c:476:20:USBD_LL_ClearStallEP	40	static
../USB_DEVICE/Target/usbd_conf.c:494:9:USBD_LL_IsStallEP	24	static
../USB_DEVICE/Target/usbd_conf.c:514:20:USBD_LL_SetUSBAddress	40	static
../USB_DEVICE/Target/usbd_conf.c:534:20:USBD_LL_Transmit	48	static
../USB_DEVICE/Target/usbd_conf.c:554:20:USBD_LL_PrepareReceive	48	static
../USB_DEVICE/Target/usbd_conf.c:572:10:USBD_LL_GetRxDataSize	16	static
../USB_DEVICE/Target/usbd_conf.c:582:6:USBD_LL_Delay	16	static
../USB_DEVICE/Target/usbd_conf.c:592:7:USBD_static_malloc	16	static
../USB_DEVICE/Target/usbd_conf.c:603:6:USBD_static_free	16	static
../USB_DEVICE/Target/usbd_conf.c:614:13:SystemClockConfig_Resume	8	static
../USB_DEVICE/Target/usbd_conf.c:625:20:USBD_Get_USB_Status	24	static
